Microchip MPLAB XC8 Compiler V1.35 ()

Linker command line:

--edf=D:\Program Files (x86)\Microchip\xc8\v1.35\dat\en_msgs.txt -cs \
  -h+dist/18F27J53/debug\dev_18F27J53_scout_dormant.X.debug.sym \
  --cmf=dist/18F27J53/debug\dev_18F27J53_scout_dormant.X.debug.cmf -z \
  -Q18F27J53 -oC:\Users\nio10\AppData\Local\Temp\s15k.2 \
  -Mdist/18F27J53/debug/dev_18F27J53_scout_dormant.X.debug.map -E1 -ver=XC8 \
  -ASTACK=040Ah-0eafh -pstack=STACK -p_myUID_const=1FFF6h \
  -p_myMUTA_version_const=1FFF2h -p_myMODEL_const=1FFF4h \
  -p_StaticSecurityKey_const=1FFECh -ACODE=00h-01FFF7h -ACONST=00h-01FFF7h \
  -ASMALLCONST=0F00h-0FFFhx496,01FF00h-01FFF7h \
  -AMEDIUMCONST=0F00h-0FFFFh,010F00h-01FFF7h -ACOMRAM=01h-05Fh \
  -AABS1=00h-0EAFh -ABIGRAM=01h-0EAFh \
  -ARAM=060h-0FFh,0100h-01FFhx13,0E00h-0EAFh -ABANK0=060h-0FFh \
  -ABANK1=0100h-01FFh -ABANK2=0200h-02FFh -ABANK3=0300h-03FFh \
  -ABANK4=0400h-04FFh -ABANK5=0500h-05FFh -ABANK6=0600h-06FFh \
  -ABANK7=0700h-07FFh -ABANK8=0800h-08FFh -ABANK9=0900h-09FFh \
  -ABANK10=0A00h-0AFFh -ABANK11=0B00h-0BFFh -ABANK12=0C00h-0CFFh \
  -ABANK13=0D00h-0DFFh -ABANK14=0E00h-0EAFh \
  -ASFR=0EB0h-0EFFh,0F00h-0F5Fh,0F60h-0FFCh \
  -preset_vec=00h,intcode=08h,intcodelo=018h,powerup,init,end_init \
  -pramtop=0F00h -psmallconst=SMALLCONST -pmediumconst=MEDIUMCONST \
  -pconst=CONST -AFARRAM=00h-00h -ACONFIG=01FFF8h-01FFFFh -pconfig=CONFIG \
  -pjflash_buffer=01F800h \
  -prdata=COMRAM,nvrram=COMRAM,nvbit=COMRAM,rbss=COMRAM,rbit=COMRAM \
  -pfarbss=FARRAM,fardata=FARRAM,nvFARRAM=FARRAM \
  -pintsave_regs=BIGRAM,bigbss=BIGRAM,bigdata=BIGRAM -pbss=RAM \
  -pidata=CODE,irdata=CODE,ibigdata=CODE,ifardata=CODE -pparam0=BANK0 \
  C:\Users\nio10\AppData\Local\Temp\s15k.obj \
  dist/18F27J53/debug\dev_18F27J53_scout_dormant.X.debug.obj 

Object code version is 3.11

Machine type is 18F27J53

Call graph: (short form)




                Name                               Link     Load   Length Selector   Space Scale
C:\Users\nio10\AppData\Local\Temp\s15k.obj
                end_init                             F6       F6        4        C       0
                reset_vec                             0        0        6        0       0
                config                            1FFF8    1FFF8        8    1FFF8       0
dist/18F27J53/debug\dev_18F27J53_scout_dormant.X.debug.obj
                intcodelo                            18       18       DE        C       0
                intcode                               8        8        E        4       0
                temp                                 49       49        1        1       1
                mediumconst                        FEF2     FEF2      10E     7F79       0
                text92                            1688A    1688A       74     8000       0
                text91                            16F08    16F08       1C     8000       0
                text90                            16F8E    16F8E        A     8000       0
                text89                            16AF4    16AF4       58     8000       0
                text88                            16C32    16C32       46     8000       0
                text87                            16400    16400       98     8000       0
                text86                            16CBA    16CBA       42     8000       0
                text85                            13DCE    13DCE      1B0     8000       0
                text84                            11A92    11A92      548     8000       0
                intcode_body                      168FE    168FE       70     8000       0
                text82                            160CC    160CC       AE     8000       0
                text81                            13F7E    13F7E      1AC     8000       0
                text79                            16E18    16E18       2C     8000       0
                text78                            16E6E    16E6E       24     8000       0
                text77                            16F84    16F84        A     8000       0
                text76                            15AC8    15AC8       CC     8000       0
                text75                            16528    16528       8C     8000       0
                text74                            16CFC    16CFC       40     8000       0
                text73                            15152    15152      124     8000       0
                text72                            15DE2    15DE2       BE     8000       0
                text71                            137E8    137E8      21A     8000       0
                text70                            156E0    156E0      10A     8000       0
                text69                            15396    15396      120     8000       0
                text68                            148A8    148A8      156     8000       0
                text67                            16816    16816       74     8000       0
                text66                            16B4C    16B4C       52     8000       0
                text65                            11FDA    11FDA      4BA     8000       0
                text64                            14DD2    14DD2      134     8000       0
                text63                            16EEC    16EEC       1C     8000       0
                text62                            16F7A    16F7A        A     8000       0
                text61                            16A9C    16A9C       58     8000       0
                text60                            16BEC    16BEC       46     8000       0
                text59                            16368    16368       98     8000       0
                text58                            16C78    16C78       42     8000       0
                text57                            1412A    1412A      1AA     8000       0
                text56                            13594    13594      254     8000       0
                text55                            16F9C    16F9C        2     B7CE       0
                text54                            10000    10000      C7A     8000       0
                text53                            16F68    16F68       12     8000       0
                text52                            15F5A    15F5A       BA     8000       0
                text51                            16EB2    16EB2       1E     8000       0
                text50                            166AE    166AE       7C     8000       0
                text49                            13A02    13A02      202     8000       0
                text48                            12494    12494      49E     8000       0
                text47                            15D22    15D22       C0     8000       0
                text46                            12932    12932      436     8000       0
                text45                            16F3E    16F3E       18     8000       0
                text44                            167A0    167A0       76     8000       0
                text43                            1617A    1617A       AA     8000       0
                text42                            14C8E    14C8E      144     8000       0
                text41                            1502C    1502C      126     8000       0
                text40                            16F56    16F56       12     8000       0
                text39                            154B6    154B6      11E     8000       0
                text38                            16D78    16D78       3A     8000       0
                text37                            145E8    145E8      162     8000       0
                text36                            169D6    169D6       64     8000       0
                text35                            16A3A    16A3A       62     8000       0
                text34                            142D4    142D4      18C     8000       0
                text33                            1672A    1672A       76     8000       0
                text32                            16D3C    16D3C       3C     8000       0
                text31                            158E8    158E8       F4     8000       0
                text30                            14460    14460      188     8000       0
                text29                            16224    16224       A6     8000       0
                text28                            15276    15276      120     8000       0
                text27                            16F24    16F24       1A     8000       0
                text26                            16014    16014       B8     8000       0
                text25                            15C5C    15C5C       C6     8000       0
                text24                            159DC    159DC       EC     8000       0
                text23                            16DB2    16DB2       36     8000       0
                text22                            13C04    13C04      1CA     8000       0
                text21                            16E92    16E92       20     8000       0
                text20                            16ED0    16ED0       1C     8000       0
                text19                            1696E    1696E       68     8000       0
                text18                            155D4    155D4      10C     8000       0
                text17                            149FE    149FE      14C     8000       0
                text16                            1474A    1474A      15E     8000       0
                text15                            14B4A    14B4A      144     8000       0
                text14                            16E44    16E44       2A     8000       0
                text13                            12D68    12D68      306     8000       0
                text12                            16B9E    16B9E       4E     8000       0
                text11                            16DE8    16DE8       30     8000       0
                text10                            16632    16632       7C     8000       0
                text9                             14F06    14F06      126     8000       0
                text8                             15EA0    15EA0       BA     8000       0
                text7                             162CA    162CA       9E     8000       0
                text6                             1332C    1332C      268     8000       0
                text5                             15B94    15B94       C8     8000       0
                text4                             16498    16498       90     8000       0
                text3                             157EA    157EA       FE     8000       0
                text2                             10C7A    10C7A      7A0     8000       0
                text1                             1141A    1141A      678     8000       0
                text0                             1306E    1306E      2BE     8000       0
                cstackCOMRAM                          1        1       25        1       1
                cstackBANK0                          60       60       43       60       1
                cstackBANK1                         18A      18A       73      100       1
                cstackBANK3                         3D4      3D4       2B      300       1
                cstackBANK4                         400      400        A      400       1
                bssBANK3                            300      300       D4      300       1
                bssBANK2                            200      200      100      200       1
                dataBANK1                           1FD      1FD        3      100       1
                bssBANK1                            100      100       8A      100       1
                bssBANK0                             A3       A3       2D       60       1
                dataCOMRAM                           48       48        1        1       1
                bssCOMRAM                            26       26       22        1       1
                cinit                             165B4    165B4       7E     8000       0
                _myMUTA_version_const             1FFF2    1FFF2        2     FFF9       0
                _myMODEL_const                    1FFF4    1FFF4        2     FFFA       0
                _myUID_const                      1FFF6    1FFF6        2     FFFB       0
                _StaticSecurityKey_const          1FFEC    1FFEC        8     FFF6       0
                idataBANK1                        16F98    16F98        3     8000       0
                idataCOMRAM                       16F9E    16F9E        1     B7CE       0

TOTAL           Name                               Link     Load   Length     Space
        CLASS   STACK          

        CLASS   CODE           
                end_init                             F6       F6        4         0
                intcodelo                            18       18       DE         0
                intcode                               8        8        E         0
                reset_vec                             0        0        6         0
                text92                            1688A    1688A       74         0
                text91                            16F08    16F08       1C         0
                text90                            16F8E    16F8E        A         0
                text89                            16AF4    16AF4       58         0
                text88                            16C32    16C32       46         0
                text87                            16400    16400       98         0
                text86                            16CBA    16CBA       42         0
                text85                            13DCE    13DCE      1B0         0
                text84                            11A92    11A92      548         0
                intcode_body                      168FE    168FE       70         0
                text82                            160CC    160CC       AE         0
                text81                            13F7E    13F7E      1AC         0
                text79                            16E18    16E18       2C         0
                text78                            16E6E    16E6E       24         0
                text77                            16F84    16F84        A         0
                text76                            15AC8    15AC8       CC         0
                text75                            16528    16528       8C         0
                text74                            16CFC    16CFC       40         0
                text73                            15152    15152      124         0
                text72                            15DE2    15DE2       BE         0
                text71                            137E8    137E8      21A         0
                text70                            156E0    156E0      10A         0
                text69                            15396    15396      120         0
                text68                            148A8    148A8      156         0
                text67                            16816    16816       74         0
                text66                            16B4C    16B4C       52         0
                text65                            11FDA    11FDA      4BA         0
                text64                            14DD2    14DD2      134         0
                text63                            16EEC    16EEC       1C         0
                text62                            16F7A    16F7A        A         0
                text61                            16A9C    16A9C       58         0
                text60                            16BEC    16BEC       46         0
                text59                            16368    16368       98         0
                text58                            16C78    16C78       42         0
                text57                            1412A    1412A      1AA         0
                text56                            13594    13594      254         0
                text55                            16F9C    16F9C        2         0
                text54                            10000    10000      C7A         0
                text53                            16F68    16F68       12         0
                text52                            15F5A    15F5A       BA         0
                text51                            16EB2    16EB2       1E         0
                text50                            166AE    166AE       7C         0
                text49                            13A02    13A02      202         0
                text48                            12494    12494      49E         0
                text47                            15D22    15D22       C0         0
                text46                            12932    12932      436         0
                text45                            16F3E    16F3E       18         0
                text44                            167A0    167A0       76         0
                text43                            1617A    1617A       AA         0
                text42                            14C8E    14C8E      144         0
                text41                            1502C    1502C      126         0
                text40                            16F56    16F56       12         0
                text39                            154B6    154B6      11E         0
                text38                            16D78    16D78       3A         0
                text37                            145E8    145E8      162         0
                text36                            169D6    169D6       64         0
                text35                            16A3A    16A3A       62         0
                text34                            142D4    142D4      18C         0
                text33                            1672A    1672A       76         0
                text32                            16D3C    16D3C       3C         0
                text31                            158E8    158E8       F4         0
                text30                            14460    14460      188         0
                text29                            16224    16224       A6         0
                text28                            15276    15276      120         0
                text27                            16F24    16F24       1A         0
                text26                            16014    16014       B8         0
                text25                            15C5C    15C5C       C6         0
                text24                            159DC    159DC       EC         0
                text23                            16DB2    16DB2       36         0
                text22                            13C04    13C04      1CA         0
                text21                            16E92    16E92       20         0
                text20                            16ED0    16ED0       1C         0
                text19                            1696E    1696E       68         0
                text18                            155D4    155D4      10C         0
                text17                            149FE    149FE      14C         0
                text16                            1474A    1474A      15E         0
                text15                            14B4A    14B4A      144         0
                text14                            16E44    16E44       2A         0
                text13                            12D68    12D68      306         0
                text12                            16B9E    16B9E       4E         0
                text11                            16DE8    16DE8       30         0
                text10                            16632    16632       7C         0
                text9                             14F06    14F06      126         0
                text8                             15EA0    15EA0       BA         0
                text7                             162CA    162CA       9E         0
                text6                             1332C    1332C      268         0
                text5                             15B94    15B94       C8         0
                text4                             16498    16498       90         0
                text3                             157EA    157EA       FE         0
                text2                             10C7A    10C7A      7A0         0
                text1                             1141A    1141A      678         0
                text0                             1306E    1306E      2BE         0
                cinit                             165B4    165B4       7E         0
                _myMUTA_version_const             1FFF2    1FFF2        2         0
                _myMODEL_const                    1FFF4    1FFF4        2         0
                _myUID_const                      1FFF6    1FFF6        2         0
                _StaticSecurityKey_const          1FFEC    1FFEC        8         0
                idataBANK1                        16F98    16F98        3         0
                idataCOMRAM                       16F9E    16F9E        1         0

        CLASS   CONST          

        CLASS   SMALLCONST     

        CLASS   MEDIUMCONST    
                mediumconst                        FEF2     FEF2      10E         0

        CLASS   COMRAM         
                temp                                 49       49        1         1
                cstackCOMRAM                          1        1       25         1
                dataCOMRAM                           48       48        1         1
                bssCOMRAM                            26       26       22         1

        CLASS   ABS1           

        CLASS   BIGRAM         

        CLASS   RAM            

        CLASS   BANK0          
                cstackBANK0                          60       60       43         1
                bssBANK0                             A3       A3       2D         1

        CLASS   BANK1          
                cstackBANK1                         18A      18A       73         1
                dataBANK1                           1FD      1FD        3         1
                bssBANK1                            100      100       8A         1

        CLASS   BANK2          
                bssBANK2                            200      200      100         1

        CLASS   BANK3          
                cstackBANK3                         3D4      3D4       2B         1
                bssBANK3                            300      300       D4         1

        CLASS   BANK4          
                cstackBANK4                         400      400        A         1

        CLASS   BANK5          

        CLASS   BANK6          

        CLASS   BANK7          

        CLASS   BANK8          

        CLASS   BANK9          

        CLASS   BANK10         

        CLASS   BANK11         

        CLASS   BANK12         

        CLASS   BANK13         

        CLASS   BANK14         

        CLASS   SFR            

        CLASS   FARRAM         

        CLASS   CONFIG         
                config                            1FFF8    1FFF8        8         0

        CLASS   IDLOC          



SEGMENTS        Name                           Load    Length   Top    Selector   Space  Class

                reset_vec                      000000  000006  000006         0       0  CODE    
                cstackCOMRAM                   000001  000049  00004A         1       1  COMRAM  
                intcode                        000008  00000E  000016         4       0  CODE    
                intcodelo                      000018  0000E2  0000FA         C       0  CODE    
                cstackBANK0                    000060  000070  0000D0        60       1  BANK0   
                bssBANK1                       000100  000100  000200       100       1  BANK1   
                bssBANK2                       000200  000100  000300       200       1  BANK2   
                bssBANK3                       000300  0000FF  0003FF       300       1  BANK3   
                cstackBANK4                    000400  00000A  00040A       400       1  BANK4   
                mediumconst                    00FEF2  00010E  010000      7F79       0  MEDIUMCO
                text54                         010000  006F9B  016F9B      8000       0  CODE    
                text55                         016F9C  000003  016F9F      B7CE       0  CODE    
                _StaticSecurityKey_const       01FFEC  000008  01FFF4      FFF6       0  CODE    
                _myMUTA_version_const          01FFF2  000002  01FFF4      FFF9       0  CODE    
                _myMODEL_const                 01FFF4  000002  01FFF6      FFFA       0  CODE    
                _myUID_const                   01FFF6  000002  01FFF8      FFFB       0  CODE    
                config                         01FFF8  000008  020000     1FFF8       0  CONFIG  


UNUSED ADDRESS RANGES

        Name                Unused          Largest block    Delta
        BANK0            000D0-000FF              30
        BANK10           00A00-00AFF             100
        BANK11           00B00-00BFF             100
        BANK12           00C00-00CFF             100
        BANK13           00D00-00DFF             100
        BANK14           00E00-00EAF              B0
        BANK3            003FF-003FF               1
        BANK4            0040A-004FF              F6
        BANK5            00500-005FF             100
        BANK6            00600-006FF             100
        BANK7            00700-007FF             100
        BANK8            00800-008FF             100
        BANK9            00900-009FF             100
        BIGRAM           0004A-0005F              16
                         000D0-000FF              30
                         003FF-003FF               1
                         0040A-00EAF             AA6
        CODE             00006-00007               2
                         00016-00017               2
                         000FA-0FEF1            FDF8
                         16F9B-16F9B               1
                         16F9F-1FFEB            904D
        COMRAM           0004A-0005F              16
        CONST            00006-00007               2
                         00016-00017               2
                         000FA-0FEF1            FDF8
                         16F9B-16F9B               1
                         16F9F-1FFEB            904D
        MEDIUMCONST      00F00-0FEF1            EFF2
                         16F9B-16F9B               1
                         16F9F-1FFEB            904D
        RAM              000D0-000FF              30
                         003FF-003FF               1
                         0040A-00EAF             100
        SFR              00EB0-00FFC              60
        SMALLCONST       00F00-0FEF1             100
                         16F9B-16F9B               1
                         16F9F-1FFEB             100
        STACK            0040A-00EAF             AA6

                                  Symbol Table

?_MiWi_TickGet                            cstackBANK1              0018A
?___altoft                                cstackBANK1              001BD
?___awdiv                                 cstackBANK1              0018A
?___ftadd                                 cstackBANK1              00192
?___ftdiv                                 cstackBANK1              0019F
?___ftmul                                 cstackBANK1              001D2
?___ftneg                                 cstackBANK1              001CF
?___ftpack                                cstackBANK1              0018A
?___fttol                                 cstackBANK1              001AE
?___lltoft                                cstackBANK1              00196
?___lmul                                  cstackBANK1              0018A
?___lwtoft                                cstackBANK1              00192
?_decode_variable                         cstackBANK1              00194
?_floor                                   cstackBANK1              001C7
?i1___ftadd                               cstackCOMRAM             00009
?i1___ftpack                              cstackCOMRAM             00001
?i2_MiWi_TickGet                          cstackBANK0              00060
AddNodeToNetworkTable@handle              cstackBANK1              00193
AddNodeToNetworkTable@i                   cstackBANK1              00192
CBC_MAC@MIC                               cstackBANK1              001A6
CBC_MAC@block                             cstackBANK1              001AB
CBC_MAC@i                                 cstackBANK1              001AD
CBC_MAC@j                                 cstackBANK1              001AC
CBC_MAC@key                               cstackBANK1              001A4
CBC_MAC@len                               cstackBANK1              001A3
CBC_MAC@text                              cstackBANK1              001A1
CCM_Dec@headerLen                         cstackBANK1              001B0
CCM_Dec@i                                 cstackBANK1              001BC
CCM_Dec@key                               cstackBANK1              001B2
CCM_Dec@payloadLen                        cstackBANK1              001B1
CCM_Dec@text                              cstackBANK1              001AE
CCM_Enc@headerLen                         cstackBANK1              001B0
CCM_Enc@i                                 cstackBANK1              001B8
CCM_Enc@key                               cstackBANK1              001B2
CCM_Enc@payloadLen                        cstackBANK1              001B1
CCM_Enc@text                              cstackBANK1              001AE
CTR@block                                 cstackBANK1              001AB
CTR@i                                     cstackBANK1              001AC
CTR@j                                     cstackBANK1              001AD
CTR@key                                   cstackBANK1              001A4
CTR@len                                   cstackBANK1              001A3
CTR@nounce                                cstackBANK1              001A6
CTR@text                                  cstackBANK1              001A1
DELAY_ms@cyclesRequiredForEntireDelay     cstackBANK1              00198
DELAY_ms@ms                               cstackBANK1              00196
MIWIInterruptHandler@BankIndex            cstackBANK0              00093
MIWIInterruptHandler@PacketLen            cstackBANK0              00092
MIWIInterruptHandler@RxPacketPtr          cstackBANK0              00090
MIWIInterruptHandler@ackInfoIndex         cstackBANK0              00091
MIWIInterruptHandler@ackPacket            cstackBANK0              0008B
MIWIInterruptHandler@bAck                 cstackBANK0              0008F
MIWIInterruptHandler@counter              cstackBANK0              00088
MIWIInterruptHandler@fifo_stat            cstackBANK0              0008A
MIWIInterruptHandler@i                    cstackBANK0              00094
MiApp_ConnectionMode@Mode                 cstackBANK1              0018B
MiApp_EstablishConnection@ActiveScanIndex cstackBANK3              003F8
MiApp_EstablishConnection@Mode            cstackBANK1              001FB
MiApp_EstablishConnection@i               cstackBANK3              003F9
MiApp_EstablishConnection@retry           cstackBANK3              003F7
MiApp_EstablishConnection@t1              cstackBANK3              003EF
MiApp_EstablishConnection@t2              cstackBANK3              003F3
MiApp_ProtocolInit@MIP                    cstackBANK1              001A2
MiApp_ProtocolInit@bNetworkFreezer        cstackBANK1              001A1
MiApp_ProtocolInit@i                      cstackBANK1              001A5
MiApp_SearchConnection@ChannelMap         cstackBANK1              001EE
MiApp_SearchConnection@ScanDuration       cstackBANK3              003E0
MiApp_SearchConnection@backupChannel      cstackBANK3              003E1
MiApp_SearchConnection@channelMask        cstackBANK3              003D4
MiApp_SearchConnection@i                  cstackBANK3              003E2
MiApp_SearchConnection@t1                 cstackBANK3              003D8
MiApp_SearchConnection@t2                 cstackBANK3              003DC
MiApp_SetChannel@channel                  cstackBANK1              00194
MiApp_TransceiverPowerState@Mode          cstackBANK1              0019E
MiApp_UnicastAddress@DestAddress          cstackBANK1              001EE
MiApp_UnicastAddress@MiWiFrameControl     cstackBANK3              003E4
MiApp_UnicastAddress@PermanentAddr        cstackBANK1              001F0
MiApp_UnicastAddress@SecEn                cstackBANK1              001F1
MiApp_UnicastAddress@handle               cstackBANK3              003E6
MiApp_UnicastAddress@i                    cstackBANK3              003E5
MiApp_UnicastAddress@t1                   cstackBANK3              003D4
MiApp_UnicastAddress@t1_2763              cstackBANK3              003DC
MiApp_UnicastAddress@t2                   cstackBANK3              003D8
MiApp_UnicastAddress@t2_2774              cstackBANK3              003E0
MiMAC_Init@i                              cstackBANK1              0019F
MiMAC_Init@initValue                      cstackBANK1              0019C
MiMAC_PowerState@PowerState               cstackBANK1              0019C
MiMAC_PowerState@i                        cstackBANK1              0019D
MiMAC_ReceivedPacket@FrameCounter         cstackBANK1              001C9
MiMAC_ReceivedPacket@PayloadIndex         cstackBANK1              001CF
MiMAC_ReceivedPacket@currentTick          cstackBANK1              001C5
MiMAC_ReceivedPacket@i                    cstackBANK1              001D0
MiMAC_ReceivedPacket@j                    cstackBANK1              001CE
MiMAC_ReceivedPacket@k                    cstackBANK1              001CD
MiMAC_SendPacket@MACPayload               cstackBANK1              001BC
MiMAC_SendPacket@MACPayloadLen            cstackBANK1              001BE
MiMAC_SendPacket@TxIndex                  cstackBANK1              001C1
MiMAC_SendPacket@headerLen                cstackBANK1              001C0
MiMAC_SendPacket@i                        cstackBANK1              001C2
MiMAC_SendPacket@transParam               cstackBANK1              001B9
MiMAC_SetAltAddress@Address               cstackBANK1              0018A
MiMAC_SetAltAddress@PANID                 cstackBANK1              0018C
MiMAC_SetChannel@channel                  cstackBANK1              00193
MiMAC_SetChannel@offsetFreq               cstackBANK1              00191
MiMAC_SetPower@outputPower                cstackBANK1              00192
MiWiTasks@CapacityByte                    cstackBANK1              001E7
MiWiTasks@cIndex                          cstackBANK1              001DD
MiWiTasks@destPANID                       cstackBANK1              001E2
MiWiTasks@destShortAddress                cstackBANK1              001E4
MiWiTasks@i                               cstackBANK1              001ED
MiWiTasks@j                               cstackBANK1              001E8
MiWiTasks@rxIndex                         cstackBANK1              001E6
MiWiTasks@sourcePANID                     cstackBANK1              001E9
MiWiTasks@sourceShortAddress              cstackBANK1              001EB
MiWiTasks@t1                              cstackBANK1              001DE
MiWiTasks@t2                              cstackBANK1              001D9
MiWi_TickGet@currentTime                  cstackBANK1              00190
MiWi_TickGet@failureCounter               cstackBANK1              0018F
OpenI2C1@slew                             cstackBANK1              0018A
OpenI2C1@sync_mode                        cstackBANK1              0018B
OpenSocket@i                              cstackBANK1              001FA
RegisterRead@IRQ0select                   cstackBANK1              0018E
RegisterRead@IRQ1select                   cstackBANK1              0018D
RegisterRead@address                      cstackBANK1              0018F
RegisterRead@value                        cstackBANK1              0018C
RegisterSet@IRQ0select                    cstackBANK1              0018F
RegisterSet@IRQ1select                    cstackBANK1              0018E
RegisterSet@setting                       cstackBANK1              0018C
SPIPut@i                                  cstackBANK1              0018A
SPIPut@v                                  cstackBANK1              0018B
SearchForLongAddress@i                    cstackBANK1              0018F
SearchForLongAddress@j                    cstackBANK1              0018E
SearchForShortAddress@i                   cstackBANK1              0018C
SendMACPacket@Address                     cstackBANK1              001C3
SendMACPacket@PacketType                  cstackBANK1              001C5
SetRFMode@mode                            cstackBANK1              00190
TxPacket@CCA                              cstackBANK1              00194
TxPacket@CCARetries                       cstackBANK1              001A5
TxPacket@TxPacketLen                      cstackBANK1              001A9
TxPacket@allowedTxFailure                 cstackBANK1              001A7
TxPacket@i                                cstackBANK1              001AA
TxPacket@reTry                            cstackBANK1              001A6
TxPacket@rssival                          cstackBANK1              001AB
TxPacket@status                           cstackBANK1              001A8
TxPacket@t1                               cstackBANK1              0019D
TxPacket@t2                               cstackBANK1              001A1
WriteFIFO@Data                            cstackBANK1              0018C
WriteFIFO@IRQ0select                      cstackBANK1              0018E
WriteFIFO@IRQ1select                      cstackBANK1              0018D
WriteI2C1@data_out                        cstackBANK1              0018B
_ADCON0bits                               (abs)                    00FC2
_ADCON1bits                               (abs)                    00FC1
_ADRESHbits                               (abs)                    00FC4
_ADRESLbits                               (abs)                    00FC3
_ALRMCFGbits                              (abs)                    00F47
_ANCON0                                   (abs)                    00F48
_ANCON0bits                               (abs)                    00F48
_ANCON1                                   (abs)                    00F49
_ANCON1bits                               (abs)                    00F49
_AckInfo                                  bssBANK2                 00228
_AcknowledgementAddr                      bssBANK1                 00136
_AcknowledgementSeq                       dataBANK1                001FD
_ActiveScanResultIndex                    bssBANK1                 00142
_ActiveScanResults                        bssBANK3                 00300
_AddNodeToNetworkTable                    text73                   15152
_BATTERY_VOLTAGE_LABEL                    mediumconst              0FFDF
_BroadcastRecords                         bssCOMRAM                00026
_CBC_MAC                                  text70                   156E0
_CCM_Dec                                  text68                   148A8
_CCM_Dec$2093                             cstackBANK1              001BA
_CCM_Enc                                  text64                   14DD2
_CCM_Enc$2085                             cstackBANK1              001B6
_CTR                                      text69                   15396
_ConnMode                                 bssBANK0                 000B2
_ConnectionTable                          bssBANK2                 00246
_DELAY_ms                                 text43                   1617A
_EECON2                                   (abs)                    00FA7
_FAILEDMSG_LABEL                          mediumconst              0FFE3
_INTCON2bits                              (abs)                    00FF1
_INTCON3bits                              (abs)                    00FF0
_INTCONbits                               (abs)                    00FF2
_IPR3bits                                 (abs)                    00FA5
_IRQ1_Received                            bssBANK0                 000B3
_IncomingFrameCounter                     bssBANK2                 00200
_InitConfigRegs                           mediumconst              0FEF3
_InitSymbolTimer                          text45                   16F3E
_LATAbits                                 (abs)                    00F89
_LATBbits                                 (abs)                    00F8A
_LATCbits                                 (abs)                    00F8B
_LIGHT_LEVEL_LABEL                        mediumconst              0FFE7
_MACInitParams                            bssBANK0                 000AF
_MACRxPacket                              bssBANK1                 00116
_MACSeq                                   bssBANK0                 000B4
_MACTxBuffer                              bssBANK2                 002A0
_MIWIInterruptHandler                     text84                   11A92
_MTP                                      bssBANK1                 0012A
_MiApp_ConnectionMode                     text79                   16E18
_MiApp_DiscardMessage                     text77                   16F84
_MiApp_EstablishConnection                text46                   12932
_MiApp_MessageAvailable                   text53                   16F68
_MiApp_ProtocolInit                       text41                   1502C
_MiApp_SearchConnection                   text49                   13A02
_MiApp_SetChannel                         text51                   16EB2
_MiApp_TransceiverPowerState              text32                   16D3C
_MiApp_UnicastAddress                     text48                   12494
_MiMAC_DiscardPacket                      text78                   16E6E
_MiMAC_Init                               text42                   14C8E
_MiMAC_PowerState                         text33                   1672A
_MiMAC_ReceivedPacket                     text65                   11FDA
_MiMAC_SendPacket                         text56                   13594
_MiMAC_SetAltAddress                      text55                   16F9C
_MiMAC_SetChannel                         text52                   15F5A
_MiMAC_SetPower                           text38                   16D78
_MiWiAckRequired                          bssBANK0                 000B5
_MiWiCapacityInfo                         bssBANK1                 00143
_MiWiSeqNum                               bssBANK0                 000B6
_MiWiStateMachine                         bssBANK1                 00138
_MiWiTasks                                text54                   10000
_MiWi_TickGet                             text67                   16816
_OSCCONbits                               (abs)                    00FD3
_OpenI2C1                                 text21                   16E92
_OpenSocket                               text47                   15D22
_OutgoingFrameCounter                     bssBANK0                 000AB
_PIE1bits                                 (abs)                    00F9D
_PIE3bits                                 (abs)                    00FA3
_PIR1bits                                 (abs)                    00F9E
_PIR3bits                                 (abs)                    00FA4
_PLLEN                                    (abs)                    07CDE
_POWER_LABEL                              mediumconst              0FFEB
_PPSCONbits                               (abs)                    00EBF
_PVALUE                                   mediumconst              0FF6F
_Pwr_updated                              bssBANK0                 000B7
_RCONbits                                 (abs)                    00FD0
_RF_Mode                                  bssBANK0                 000B8
_RPINR1                                   (abs)                    00EE1
_RPINR21                                  (abs)                    00EFC
_RPINR22                                  (abs)                    00EFD
_RPOR4                                    (abs)                    00EC4
_RPOR5                                    (abs)                    00EC5
_RSSILock                                 bssBANK1                 00144
_RSSIVal                                  bssBANK0                 000B9
_RTCCAL                                   (abs)                    00F3E
_RTCCFG                                   (abs)                    00F3F
_RTCCFGbits                               (abs)                    00F3F
_RTCVALHbits                              (abs)                    00F3B
_RTCVALLbits                              (abs)                    00F3A
_ReadI2C1                                 text20                   16ED0
_ReceivedBankIndex                        bssBANK1                 00145
_RegisterRead                             text61                   16A9C
_RegisterSet                              text60                   16BEC
_RtccWrOn                                 text40                   16F56
_RxPacket                                 bssBANK3                 00350
_SPIGet                                   text62                   16F7A
_SPIPut                                   text63                   16EEC
_SSP1ADD                                  (abs)                    00FC8
_SSP1BUF                                  (abs)                    00FC9
_SSP1CON1                                 (abs)                    00FC6
_SSP1CON1bits                             (abs)                    00FC6
_SSP1CON2                                 (abs)                    00FC5
_SSP1CON2bits                             (abs)                    00FC5
_SSP1STAT                                 (abs)                    00FC7
_SSP1STATbits                             (abs)                    00FC7
_SSP2BUF                                  (abs)                    00F75
_SSP2CON1                                 (abs)                    00F72
_SSP2CON1bits                             (abs)                    00F72
_SSP2STAT                                 (abs)                    00F73
_SVALUE                                   mediumconst              0FF8F
_SYSTEM_Initialize                        text39                   154B6
_SYS_InterruptHigh                        intcode                  00008
_SYS_InterruptLow                         intcodelo                00018
_ScanTime                                 mediumconst              0FF33
_SearchForLongAddress                     text76                   15AC8
_SearchForShortAddress                    text75                   16528
_SendMACPacket                            text50                   166AE
_SetRFMode                                text59                   16368
_StaticSecurityKey                        _StaticSecurityKey_const 1FFEC
_StaticSecurityKey_absconstaddr           (abs)                    1FFEC
_T1CON                                    (abs)                    00FCD
_T1CONbits                                (abs)                    00FCD
_TEMPERATURE_LABEL                        mediumconst              0FFEF
_TMR1H                                    (abs)                    00FCF
_TMR1L                                    (abs)                    00FCE
_TRISA                                    (abs)                    00F92
_TRISAbits                                (abs)                    00F92
_TRISB                                    (abs)                    00F93
_TRISBbits                                (abs)                    00F93
_TRISC                                    (abs)                    00F94
_TRISCbits                                (abs)                    00F94
_TxBuffer                                 bssBANK1                 0014E
_TxData                                   bssBANK1                 00146
_TxMACSeq                                 bssBANK0                 000BA
_TxPacket                                 text57                   1412A
_UCONbits                                 (abs)                    00F65
_UPDATE_FREQUENCY_LABEL                   mediumconst              0FFF7
_UPTIME_LABEL                             mediumconst              0FFFB
_UPUEN                                    (abs)                    079CC
_UpF_updated                              bssBANK0                 000BB
_WriteFIFO                                text58                   16C78
_WriteI2C1                                text19                   1696E
__CFG_ADCSEL$BIT12                        (abs)                    00000
__CFG_CFGPLLEN$OFF                        (abs)                    00000
__CFG_CLKOEC$OFF                          (abs)                    00000
__CFG_CP0$OFF                             (abs)                    00000
__CFG_FCMEN$OFF                           (abs)                    00000
__CFG_IESO$OFF                            (abs)                    00000
__CFG_OSC$INTOSC                          (abs)                    00000
__CFG_RTCOSC$INTOSCREF                    (abs)                    00000
__CFG_STVREN$OFF                          (abs)                    00000
__CFG_WDTEN$OFF                           (abs)                    00000
__CFG_XINST$OFF                           (abs)                    00000
__HRAM                                    (abs)                    00000
__H_StaticSecurityKey_const               _StaticSecurityKey_const 1FFF4
__H_myMODEL_const                         _myMODEL_const           1FFF6
__H_myMUTA_version_const                  _myMUTA_version_const    1FFF4
__H_myUID_const                           _myUID_const             1FFF8
__Habs1                                   abs1                     00000
__Hbank0                                  bank0                    00000
__Hbank1                                  bank1                    00000
__Hbank10                                 bank10                   00000
__Hbank11                                 bank11                   00000
__Hbank12                                 bank12                   00000
__Hbank13                                 bank13                   00000
__Hbank14                                 bank14                   00000
__Hbank2                                  bank2                    00000
__Hbank3                                  bank3                    00000
__Hbank4                                  bank4                    00000
__Hbank5                                  bank5                    00000
__Hbank6                                  bank6                    00000
__Hbank7                                  bank7                    00000
__Hbank8                                  bank8                    00000
__Hbank9                                  bank9                    00000
__Hbigbss                                 bigbss                   00000
__Hbigdata                                bigdata                  00000
__Hbigram                                 bigram                   00000
__Hbss                                    bss                      00000
__HbssBANK0                               bssBANK0                 00000
__HbssBANK1                               bssBANK1                 00000
__HbssBANK2                               bssBANK2                 00000
__HbssBANK3                               bssBANK3                 00000
__HbssCOMRAM                              bssCOMRAM                00000
__Hcinit                                  cinit                    00000
__Hclrtext                                clrtext                  00000
__Hcomram                                 comram                   00000
__Hconfig                                 config                   20000
__Hconst                                  const                    00000
__HcstackBANK0                            cstackBANK0              00000
__HcstackBANK1                            cstackBANK1              00000
__HcstackBANK3                            cstackBANK3              00000
__HcstackBANK4                            cstackBANK4              00000
__HcstackCOMRAM                           cstackCOMRAM             00000
__Hdata                                   data                     00000
__HdataBANK1                              dataBANK1                00000
__HdataCOMRAM                             dataCOMRAM               00000
__Hend_init                               end_init                 000FA
__Hfarbss                                 farbss                   00000
__Hfardata                                fardata                  00000
__Hibigdata                               ibigdata                 00000
__Hidata                                  idata                    00000
__HidataBANK1                             idataBANK1               00000
__HidataCOMRAM                            idataCOMRAM              00000
__Hidloc                                  idloc                    00000
__Hifardata                               ifardata                 00000
__Hinit                                   init                     000F6
__Hintcode                                intcode                  00016
__Hintcode_body                           intcode_body             00000
__Hintcodelo                              intcodelo                000F6
__Hintentry                               intentry                 00000
__Hintret                                 intret                   00000
__Hintsave_regs                           intsave_regs             00000
__Hirdata                                 irdata                   00000
__Hjflash_buffer                          jflash_buffer            1F800
__Hmediumconst                            mediumconst              10000
__HnvFARRAM                               nvFARRAM                 00000
__Hnvbit                                  nvbit                    00000
__Hnvrram                                 nvrram                   00000
__Hparam                                  param0                   00000
__Hparam0                                 param0                   00000
__Hpowerup                                powerup                  000F6
__Hram                                    ram                      00000
__Hramtop                                 ramtop                   00F00
__Hrbit                                   rbit                     00000
__Hrbss                                   rbss                     00000
__Hrdata                                  rdata                    00000
__Hreset_vec                              reset_vec                00006
__Hsfr                                    sfr                      00000
__Hsmallconst                             smallconst               00000
__Hspace_0                                (abs)                    20000
__Hspace_1                                (abs)                    0040A
__Hspace_2                                (abs)                    00000
__Hstack                                  stack                    00000
__Hstruct                                 struct                   00000
__Htemp                                   temp                     0004A
__Htext                                   text                     00000
__Htext0                                  text0                    00000
__Htext1                                  text1                    00000
__Htext10                                 text10                   00000
__Htext11                                 text11                   00000
__Htext12                                 text12                   00000
__Htext13                                 text13                   00000
__Htext14                                 text14                   00000
__Htext15                                 text15                   00000
__Htext16                                 text16                   00000
__Htext17                                 text17                   00000
__Htext18                                 text18                   00000
__Htext19                                 text19                   00000
__Htext2                                  text2                    00000
__Htext20                                 text20                   00000
__Htext21                                 text21                   00000
__Htext22                                 text22                   00000
__Htext23                                 text23                   00000
__Htext24                                 text24                   00000
__Htext25                                 text25                   00000
__Htext26                                 text26                   00000
__Htext27                                 text27                   00000
__Htext28                                 text28                   00000
__Htext29                                 text29                   00000
__Htext3                                  text3                    00000
__Htext30                                 text30                   00000
__Htext31                                 text31                   00000
__Htext32                                 text32                   00000
__Htext33                                 text33                   00000
__Htext34                                 text34                   00000
__Htext35                                 text35                   00000
__Htext36                                 text36                   00000
__Htext37                                 text37                   00000
__Htext38                                 text38                   00000
__Htext39                                 text39                   00000
__Htext4                                  text4                    00000
__Htext40                                 text40                   00000
__Htext41                                 text41                   00000
__Htext42                                 text42                   00000
__Htext43                                 text43                   00000
__Htext44                                 text44                   00000
__Htext45                                 text45                   00000
__Htext46                                 text46                   00000
__Htext47                                 text47                   00000
__Htext48                                 text48                   00000
__Htext49                                 text49                   00000
__Htext5                                  text5                    00000
__Htext50                                 text50                   00000
__Htext51                                 text51                   00000
__Htext52                                 text52                   00000
__Htext53                                 text53                   00000
__Htext54                                 text54                   00000
__Htext55                                 text55                   00000
__Htext56                                 text56                   00000
__Htext57                                 text57                   00000
__Htext58                                 text58                   00000
__Htext59                                 text59                   00000
__Htext6                                  text6                    00000
__Htext60                                 text60                   00000
__Htext61                                 text61                   00000
__Htext62                                 text62                   00000
__Htext63                                 text63                   00000
__Htext64                                 text64                   00000
__Htext65                                 text65                   00000
__Htext66                                 text66                   00000
__Htext67                                 text67                   00000
__Htext68                                 text68                   00000
__Htext69                                 text69                   00000
__Htext7                                  text7                    00000
__Htext70                                 text70                   00000
__Htext71                                 text71                   00000
__Htext72                                 text72                   00000
__Htext73                                 text73                   00000
__Htext74                                 text74                   00000
__Htext75                                 text75                   00000
__Htext76                                 text76                   00000
__Htext77                                 text77                   00000
__Htext78                                 text78                   00000
__Htext79                                 text79                   00000
__Htext8                                  text8                    00000
__Htext81                                 text81                   00000
__Htext82                                 text82                   00000
__Htext84                                 text84                   00000
__Htext85                                 text85                   00000
__Htext86                                 text86                   00000
__Htext87                                 text87                   00000
__Htext88                                 text88                   00000
__Htext89                                 text89                   00000
__Htext9                                  text9                    00000
__Htext90                                 text90                   00000
__Htext91                                 text91                   00000
__Htext92                                 text92                   00000
__LRAM                                    (abs)                    00001
__L_StaticSecurityKey_const               _StaticSecurityKey_const 1FFEC
__L_myMODEL_const                         _myMODEL_const           1FFF4
__L_myMUTA_version_const                  _myMUTA_version_const    1FFF2
__L_myUID_const                           _myUID_const             1FFF6
__Labs1                                   abs1                     00000
__Lbank0                                  bank0                    00000
__Lbank1                                  bank1                    00000
__Lbank10                                 bank10                   00000
__Lbank11                                 bank11                   00000
__Lbank12                                 bank12                   00000
__Lbank13                                 bank13                   00000
__Lbank14                                 bank14                   00000
__Lbank2                                  bank2                    00000
__Lbank3                                  bank3                    00000
__Lbank4                                  bank4                    00000
__Lbank5                                  bank5                    00000
__Lbank6                                  bank6                    00000
__Lbank7                                  bank7                    00000
__Lbank8                                  bank8                    00000
__Lbank9                                  bank9                    00000
__Lbigbss                                 bigbss                   00000
__Lbigdata                                bigdata                  00000
__Lbigram                                 bigram                   00000
__Lbss                                    bss                      00000
__LbssBANK0                               bssBANK0                 00000
__LbssBANK1                               bssBANK1                 00000
__LbssBANK2                               bssBANK2                 00000
__LbssBANK3                               bssBANK3                 00000
__LbssCOMRAM                              bssCOMRAM                00000
__Lcinit                                  cinit                    00000
__Lclrtext                                clrtext                  00000
__Lcomram                                 comram                   00000
__Lconfig                                 config                   1FFF8
__Lconst                                  const                    00000
__LcstackBANK0                            cstackBANK0              00000
__LcstackBANK1                            cstackBANK1              00000
__LcstackBANK3                            cstackBANK3              00000
__LcstackBANK4                            cstackBANK4              00000
__LcstackCOMRAM                           cstackCOMRAM             00000
__Ldata                                   data                     00000
__LdataBANK1                              dataBANK1                00000
__LdataCOMRAM                             dataCOMRAM               00000
__Lend_init                               end_init                 000F6
__Lfarbss                                 farbss                   00000
__Lfardata                                fardata                  00000
__Libigdata                               ibigdata                 00000
__Lidata                                  idata                    00000
__LidataBANK1                             idataBANK1               00000
__LidataCOMRAM                            idataCOMRAM              00000
__Lidloc                                  idloc                    00000
__Lifardata                               ifardata                 00000
__Linit                                   init                     000F6
__Lintcode                                intcode                  00008
__Lintcode_body                           intcode_body             00000
__Lintcodelo                              intcodelo                00018
__Lintentry                               intentry                 00000
__Lintret                                 intret                   00000
__Lintsave_regs                           intsave_regs             00000
__Lirdata                                 irdata                   00000
__Ljflash_buffer                          jflash_buffer            1F800
__Lmediumconst                            mediumconst              0FEF2
__LnvFARRAM                               nvFARRAM                 00000
__Lnvbit                                  nvbit                    00000
__Lnvrram                                 nvrram                   00000
__Lparam                                  param0                   00000
__Lparam0                                 param0                   00000
__Lpowerup                                powerup                  000F6
__Lram                                    ram                      00000
__Lramtop                                 ramtop                   00F00
__Lrbit                                   rbit                     00000
__Lrbss                                   rbss                     00000
__Lrdata                                  rdata                    00000
__Lreset_vec                              reset_vec                00000
__Lsfr                                    sfr                      00000
__Lsmallconst                             smallconst               00000
__Lspace_0                                (abs)                    00000
__Lspace_1                                (abs)                    00000
__Lspace_2                                (abs)                    00000
__Lstack                                  stack                    00000
__Lstruct                                 struct                   00000
__Ltemp                                   temp                     00049
__Ltext                                   text                     00000
__Ltext0                                  text0                    00000
__Ltext1                                  text1                    00000
__Ltext10                                 text10                   00000
__Ltext11                                 text11                   00000
__Ltext12                                 text12                   00000
__Ltext13                                 text13                   00000
__Ltext14                                 text14                   00000
__Ltext15                                 text15                   00000
__Ltext16                                 text16                   00000
__Ltext17                                 text17                   00000
__Ltext18                                 text18                   00000
__Ltext19                                 text19                   00000
__Ltext2                                  text2                    00000
__Ltext20                                 text20                   00000
__Ltext21                                 text21                   00000
__Ltext22                                 text22                   00000
__Ltext23                                 text23                   00000
__Ltext24                                 text24                   00000
__Ltext25                                 text25                   00000
__Ltext26                                 text26                   00000
__Ltext27                                 text27                   00000
__Ltext28                                 text28                   00000
__Ltext29                                 text29                   00000
__Ltext3                                  text3                    00000
__Ltext30                                 text30                   00000
__Ltext31                                 text31                   00000
__Ltext32                                 text32                   00000
__Ltext33                                 text33                   00000
__Ltext34                                 text34                   00000
__Ltext35                                 text35                   00000
__Ltext36                                 text36                   00000
__Ltext37                                 text37                   00000
__Ltext38                                 text38                   00000
__Ltext39                                 text39                   00000
__Ltext4                                  text4                    00000
__Ltext40                                 text40                   00000
__Ltext41                                 text41                   00000
__Ltext42                                 text42                   00000
__Ltext43                                 text43                   00000
__Ltext44                                 text44                   00000
__Ltext45                                 text45                   00000
__Ltext46                                 text46                   00000
__Ltext47                                 text47                   00000
__Ltext48                                 text48                   00000
__Ltext49                                 text49                   00000
__Ltext5                                  text5                    00000
__Ltext50                                 text50                   00000
__Ltext51                                 text51                   00000
__Ltext52                                 text52                   00000
__Ltext53                                 text53                   00000
__Ltext54                                 text54                   00000
__Ltext55                                 text55                   00000
__Ltext56                                 text56                   00000
__Ltext57                                 text57                   00000
__Ltext58                                 text58                   00000
__Ltext59                                 text59                   00000
__Ltext6                                  text6                    00000
__Ltext60                                 text60                   00000
__Ltext61                                 text61                   00000
__Ltext62                                 text62                   00000
__Ltext63                                 text63                   00000
__Ltext64                                 text64                   00000
__Ltext65                                 text65                   00000
__Ltext66                                 text66                   00000
__Ltext67                                 text67                   00000
__Ltext68                                 text68                   00000
__Ltext69                                 text69                   00000
__Ltext7                                  text7                    00000
__Ltext70                                 text70                   00000
__Ltext71                                 text71                   00000
__Ltext72                                 text72                   00000
__Ltext73                                 text73                   00000
__Ltext74                                 text74                   00000
__Ltext75                                 text75                   00000
__Ltext76                                 text76                   00000
__Ltext77                                 text77                   00000
__Ltext78                                 text78                   00000
__Ltext79                                 text79                   00000
__Ltext8                                  text8                    00000
__Ltext81                                 text81                   00000
__Ltext82                                 text82                   00000
__Ltext84                                 text84                   00000
__Ltext85                                 text85                   00000
__Ltext86                                 text86                   00000
__Ltext87                                 text87                   00000
__Ltext88                                 text88                   00000
__Ltext89                                 text89                   00000
__Ltext9                                  text9                    00000
__Ltext90                                 text90                   00000
__Ltext91                                 text91                   00000
__Ltext92                                 text92                   00000
__S0                                      (abs)                    20000
__S1                                      (abs)                    0040A
__S2                                      (abs)                    00000
___altoft                                 text7                    162CA
___altoft@c                               cstackBANK1              001BD
___altoft@exp                             cstackBANK1              001C5
___altoft@sign                            cstackBANK1              001C6
___awdiv                                  text72                   15DE2
___awdiv@counter                          cstackBANK1              0018E
___awdiv@dividend                         cstackBANK1              0018A
___awdiv@divisor                          cstackBANK1              0018C
___awdiv@quotient                         cstackBANK1              00190
___awdiv@sign                             cstackBANK1              0018F
___ftadd                                  text6                    1332C
___ftadd@exp1                             cstackBANK1              0019D
___ftadd@exp2                             cstackBANK1              0019C
___ftadd@f1                               cstackBANK1              00192
___ftadd@f2                               cstackBANK1              00195
___ftadd@sign                             cstackBANK1              0019B
___ftdiv                                  text17                   149FE
___ftdiv@cntr                             cstackBANK1              001A8
___ftdiv@exp                              cstackBANK1              001AC
___ftdiv@f1                               cstackBANK1              0019F
___ftdiv@f2                               cstackBANK1              001A2
___ftdiv@f3                               cstackBANK1              001A9
___ftdiv@sign                             cstackBANK1              001AD
___ftge                                   text5                    15B94
___ftge@ff1                               cstackBANK1              0018A
___ftge@ff2                               cstackBANK1              0018D
___ftmul                                  text16                   1474A
___ftmul@cntr                             cstackBANK1              001DF
___ftmul@exp                              cstackBANK1              001DB
___ftmul@f1                               cstackBANK1              001D2
___ftmul@f2                               cstackBANK1              001D5
___ftmul@f3_as_product                    cstackBANK1              001DC
___ftmul@sign                             cstackBANK1              001E0
___ftneg                                  text11                   16DE8
___ftneg@f1                               cstackBANK1              001CF
___ftpack                                 text18                   155D4
___ftpack@arg                             cstackBANK1              0018A
___ftpack@exp                             cstackBANK1              0018D
___ftpack@sign                            cstackBANK1              0018E
___fttol                                  text15                   14B4A
___fttol@exp1                             cstackBANK1              001BC
___fttol@f1                               cstackBANK1              001AE
___fttol@lval                             cstackBANK1              001B8
___fttol@sign1                            cstackBANK1              001B7
___inthi_sp                               stack                    00000
___intlo_sp                               stack                    00000
___lltoft                                 text10                   16632
___lltoft@c                               cstackBANK1              00196
___lltoft@exp                             cstackBANK1              0019E
___lmul                                   text44                   167A0
___lmul@multiplicand                      cstackBANK1              0018E
___lmul@multiplier                        cstackBANK1              0018A
___lmul@product                           cstackBANK1              00192
___lwtoft                                 text14                   16E44
___lwtoft@c                               cstackBANK1              00192
___param_bank                             (abs)                    00000
[...]
 Parameters:    Size  Location     Type
  Data            1    wreg     unsigned char 
 Auto vars:     Size  Location     Type
  Data            1    2[BANK0 ] unsigned char 
  WriteFIFO       1    4[BANK0 ] unsigned char 
  WriteFIFO       1    3[BANK0 ] unsigned char 
 Return value:  Size  Location     Type
		None               void
 Registers used:
		wreg, status,2, cstack
 Tracked objects:
		On entry : 
		On exit  : 
		Unchanged: 
 Data sizes:     COMRAM   BANK0   BANK1   BANK2   BANK3   BANK4   BANK5   BANK6   BANK7   BANK8   BANK9  BANK10  BANK11  BANK12  BANK13  BANK14
      Params:         0       0       0       0       0       0       0       0       0       0       0       0       0       0       0       0
      Locals:         0       3       0       0       0       0       0       0       0       0       0       0       0       0       0       0
      Temps:          0       0       0       0       0       0       0       0       0       0       0       0       0       0       0       0
      Totals:         0       3       0       0       0       0       0       0       0       0       0       0       0       0       0       0
Total ram usage:        3 bytes
 Hardware stack levels used:    1
 Hardware stack levels required when called:    1
 This function calls:
		i2_SPIPut
 This function is called by:
		i2_TxPacket
 This function uses a non-reentrant model


 *************** function i2_SetRFMode *****************
 Defined at:
		line 674 in file "src/miwi/drv_mrf_miwi_89xa.c"
 Parameters:    Size  Location     Type
  mode            1    wreg     unsigned char 
 Auto vars:     Size  Location     Type
  mode            1    6[BANK0 ] unsigned char 
 Return value:  Size  Location     Type
		None               void
 Registers used:
		wreg, status,2, status,0, cstack
 Tracked objects:
		On entry : 
		On exit  : 
		Unchanged: 
 Data sizes:     COMRAM   BANK0   BANK1   BANK2   BANK3   BANK4   BANK5   BANK6   BANK7   BANK8   BANK9  BANK10  BANK11  BANK12  BANK13  BANK14
      Params:         0       0       0       0       0       0       0       0       0       0       0       0       0       0       0       0
      Locals:         0       1       0       0       0       0       0       0       0       0       0       0       0       0       0       0
      Temps:          0       0       0       0       0       0       0       0       0       0       0       0       0       0       0       0
      Totals:         0       1       0       0       0       0       0       0       0       0       0       0       0       0       0       0
Total ram usage:        1 bytes
 Hardware stack levels used:    1
 Hardware stack levels required when called:    2
 This function calls:
		i2_RegisterSet
 This function is called by:
		i2_TxPacket
 This function uses a non-reentrant model


 *************** function i2_RegisterSet *****************
 Defined at:
		line 171 in file "src/miwi/drv_mrf_miwi_89xa.c"
 Parameters:    Size  Location     Type
  setting         2    2[BANK0 ] unsigned int 
 Auto vars:     Size  Location     Type
  RegisterSet     1    5[BANK0 ] unsigned char 
  RegisterSet     1    4[BANK0 ] unsigned char 
 Return value:  Size  Location     Type
		None               void
 Registers used:
		wreg, status,2, cstack
 Tracked objects:
		On entry : 
		On exit  : 
		Unchanged: 
 Data sizes:     COMRAM   BANK0   BANK1   BANK2   BANK3   BANK4   BANK5   BANK6   BANK7   BANK8   BANK9  BANK10  BANK11  BANK12  BANK13  BANK14
      Params:         0       2       0       0       0       0       0       0       0       0       0       0       0       0       0       0
      Locals:         0       2       0       0       0       0       0       0       0       0       0       0       0       0       0       0
      Temps:          0       0       0       0       0       0       0       0       0       0       0       0       0       0       0       0
      Totals:         0       4       0       0       0       0       0       0       0       0       0       0       0       0       0       0
Total ram usage:        4 bytes
 Hardware stack levels used:    1
 Hardware stack levels required when called:    1
 This function calls:
		i2_SPIPut
 This function is called by:
		i2_TxPacket
		i2_SetRFMode
 This function uses a non-reentrant model


 *************** function i2_RegisterRead *****************
 Defined at:
		line 207 in file "src/miwi/drv_mrf_miwi_89xa.c"
 Parameters:    Size  Location     Type
  address         1    wreg     unsigned char 
 Auto vars:     Size  Location     Type
  address         1    5[BANK0 ] unsigned char 
  RegisterRead    1    4[BANK0 ] unsigned char 
  RegisterRead    1    3[BANK0 ] unsigned char 
  RegisterRead    1    2[BANK0 ] unsigned char 
 Return value:  Size  Location     Type
                  1    wreg      unsigned char 
 Registers used:
		wreg, status,2, status,0, cstack
 Tracked objects:
		On entry : 
		On exit  : 
		Unchanged: 
 Data sizes:     COMRAM   BANK0   BANK1   BANK2   BANK3   BANK4   BANK5   BANK6   BANK7   BANK8   BANK9  BANK10  BANK11  BANK12  BANK13  BANK14
      Params:         0       0       0       0       0       0       0       0       0       0       0       0       0       0       0       0
      Locals:         0       4       0       0       0       0       0       0       0       0       0       0       0       0       0       0
      Temps:          0       0       0       0       0       0       0       0       0       0       0       0       0       0       0       0
      Totals:         0       4       0       0       0       0       0       0       0       0       0       0       0       0       0       0
Total ram usage:        4 bytes
 Hardware stack levels used:    1
 Hardware stack levels required when called:    2
 This function calls:
		i2_SPIGet
		i2_SPIPut
 This function is called by:
		_MIWIInterruptHandler
		i2_TxPacket
 This function uses a non-reentrant model


 *************** function i2_SPIGet *****************
 Defined at:
		line 104 in file "src/18F27J53/spi.c"
 Parameters:    Size  Location     Type
		None
 Auto vars:     Size  Location     Type
		None
 Return value:  Size  Location     Type
                  1    wreg      unsigned char 
 Registers used:
		wreg, status,2, cstack
 Tracked objects:
		On entry : 
		On exit  : 
		Unchanged: 
 Data sizes:     COMRAM   BANK0   BANK1   BANK2   BANK3   BANK4   BANK5   BANK6   BANK7   BANK8   BANK9  BANK10  BANK11  BANK12  BANK13  BANK14
      Params:         0       0       0       0       0       0       0       0       0       0       0       0       0       0       0       0
      Locals:         0       0       0       0       0       0       0       0       0       0       0       0       0       0       0       0
      Temps:          0       0       0       0       0       0       0       0       0       0       0       0       0       0       0       0
      Totals:         0       0       0       0       0       0       0       0       0       0       0       0       0       0       0       0
Total ram usage:        0 bytes
 Hardware stack levels used:    1
 Hardware stack levels required when called:    1
 This function calls:
		i2_SPIPut
 This function is called by:
		_MIWIInterruptHandler
		i2_RegisterRead
 This function uses a non-reentrant model


 *************** function i2_SPIPut *****************
 Defined at:
		line 45 in file "src/18F27J53/spi.c"
 Parameters:    Size  Location     Type
  v               1    wreg     unsigned char 
 Auto vars:     Size  Location     Type
  v               1    1[BANK0 ] unsigned char 
  SPIPut          1    0[BANK0 ] unsigned char 
 Return value:  Size  Location     Type
		None               void
 Registers used:
		wreg
 Tracked objects:
		On entry : 
		On exit  : 
		Unchanged: 
 Data sizes:     COMRAM   BANK0   BANK1   BANK2   BANK3   BANK4   BANK5   BANK6   BANK7   BANK8   BANK9  BANK10  BANK11  BANK12  BANK13  BANK14
      Params:         0       0       0       0       0       0       0       0       0       0       0       0       0       0       0       0
      Locals:         0       2       0       0       0       0       0       0       0       0       0       0       0       0       0       0
      Temps:          0       0       0       0       0       0       0       0       0       0       0       0       0       0       0       0
      Totals:         0       2       0       0       0       0       0       0       0       0       0       0       0       0       0       0
Total ram usage:        2 bytes
 Hardware stack levels used:    1
 This function calls:
		Nothing
 This function is called by:
		i2_SPIGet
		i2_RegisterSet
		i2_RegisterRead
		i2_WriteFIFO
 This function uses a non-reentrant model


 *************** function i2_MiWi_TickGet *****************
 Defined at:
		line 104 in file "src/18F27J53/symbol.c"
 Parameters:    Size  Location     Type
		None
 Auto vars:     Size  Location     Type
  MiWi_TickGet    4    6[BANK0 ] struct _MIWI_TICK
  MiWi_TickGet    1    5[BANK0 ] unsigned char 
 Return value:  Size  Location     Type
                  4    0[BANK0 ] struct _MIWI_TICK
 Registers used:
		wreg, status,2, status,0
 Tracked objects:
		On entry : 
		On exit  : 
		Unchanged: 
 Data sizes:     COMRAM   BANK0   BANK1   BANK2   BANK3   BANK4   BANK5   BANK6   BANK7   BANK8   BANK9  BANK10  BANK11  BANK12  BANK13  BANK14
      Params:         0       4       0       0       0       0       0       0       0       0       0       0       0       0       0       0
      Locals:         0       5       0       0       0       0       0       0       0       0       0       0       0       0       0       0
      Temps:          0       1       0       0       0       0       0       0       0       0       0       0       0       0       0       0
      Totals:         0      10       0       0       0       0       0       0       0       0       0       0       0       0       0       0
Total ram usage:       10 bytes
 Hardware stack levels used:    1
 This function calls:
		Nothing
 This function is called by:
		_MIWIInterruptHandler
		i2_TxPacket
 This function uses a non-reentrant model



MODULE INFORMATION

Module		Function		Class		Link	Load	Size
D:\Program Files (x86)\Microchip\xc8\v1.35\sources\common\lwtoft.c
		___lwtoft      		CODE           	16E44	0000	43

D:\Program Files (x86)\Microchip\xc8\v1.35\sources\common\lwtoft.c estimated size: 43

D:\Program Files (x86)\Microchip\xc8\v1.35\sources\pic18\plib\i2c\i2c1open.c
		_OpenI2C1      		CODE           	16E92	0000	33

D:\Program Files (x86)\Microchip\xc8\v1.35\sources\pic18\plib\i2c\i2c1open.c estimated size: 33

src/miwi/drv_mrf_miwi_89xa.c
		_SetRFMode     		CODE           	16368	0000	153
		_MIWIInterruptHandler		CODE           	11A92	0000	1353
		_MiMAC_ReceivedPacket		CODE           	11FDA	0000	1211
		_MiMAC_DiscardPacket		CODE           	16E6E	0000	37
		_MiMAC_PowerState		CODE           	1672A	0000	119
		_MiMAC_SetChannel		CODE           	15F5A	0000	187
		_MiMAC_Init    		CODE           	14C8E	0000	325
		_MiMAC_SendPacket		CODE           	13594	0000	597
		_WriteFIFO     		CODE           	16C78	0000	67
		_MiMAC_SetPower		CODE           	16D78	0000	59
		_TxPacket      		CODE           	1412A	0000	427
		_security_force_key_update		CODE           	16B9E	0000	79
		_RegisterSet   		CODE           	16BEC	0000	71
		_RegisterRead  		CODE           	16A9C	0000	89
		_MiMAC_SetAltAddress		CODE           	16F9C	0000	3

src/miwi/drv_mrf_miwi_89xa.c estimated size: 4777

D:\Program Files (x86)\Microchip\xc8\v1.35\sources\common\altoft.c
		___altoft      		CODE           	162CA	0000	159

D:\Program Files (x86)\Microchip\xc8\v1.35\sources\common\altoft.c estimated size: 159

src/18F27J53/system.c
		_SYSTEM_Initialize		CODE           	154B6	0000	287

src/18F27J53/system.c estimated size: 287

D:\Program Files (x86)\Microchip\xc8\v1.35\sources\pic18\plib\i2c\i2c1writ.c
		_WriteI2C1     		CODE           	1696E	0000	105

D:\Program Files (x86)\Microchip\xc8\v1.35\sources\pic18\plib\i2c\i2c1writ.c estimated size: 105

D:\Program Files (x86)\Microchip\xc8\v1.35\sources\common\frexp.c
		_frexp         		CODE           	16498	0000	145

D:\Program Files (x86)\Microchip\xc8\v1.35\sources\common\frexp.c estimated size: 145

D:\Program Files (x86)\Microchip\xc8\v1.35\sources\common\floor.c
		_floor         		CODE           	157EA	0000	255

D:\Program Files (x86)\Microchip\xc8\v1.35\sources\common\floor.c estimated size: 255

src/18F27J53/delay.c
		_DELAY_ms      		CODE           	1617A	0000	171

src/18F27J53/delay.c estimated size: 171

D:\Program Files (x86)\Microchip\xc8\v1.35\sources\common\ftmul.c
		___ftmul       		CODE           	1474A	0000	351

D:\Program Files (x86)\Microchip\xc8\v1.35\sources\common\ftmul.c estimated size: 351

D:\Program Files (x86)\Microchip\xc8\v1.35\sources\common\lltoft.c
		___lltoft      		CODE           	16632	0000	125

D:\Program Files (x86)\Microchip\xc8\v1.35\sources\common\lltoft.c estimated size: 125

D:\Program Files (x86)\Microchip\xc8\v1.35\sources\common\ftdiv.c
		___ftdiv       		CODE           	149FE	0000	333

D:\Program Files (x86)\Microchip\xc8\v1.35\sources\common\ftdiv.c estimated size: 333

D:\Program Files (x86)\Microchip\xc8\v1.35\sources\pic18\plib\i2c\i2c1read.c
		_ReadI2C1      		CODE           	16ED0	0000	29

D:\Program Files (x86)\Microchip\xc8\v1.35\sources\pic18\plib\i2c\i2c1read.c estimated size: 29

src/miwi/drv_mrf_miwi_security.c
		_CTR           		CODE           	15396	0000	289
		_CCM_Dec       		CODE           	148A8	0000	343
		_encode        		CODE           	137E8	0000	539
		_CCM_Enc       		CODE           	14DD2	0000	309
		_CBC_MAC       		CODE           	156E0	0000	267

src/miwi/drv_mrf_miwi_security.c estimated size: 1747

D:\Program Files (x86)\Microchip\xc8\v1.35\sources\common\memcpy.c
		_memcpy        		CODE           	16A3A	0000	99

D:\Program Files (x86)\Microchip\xc8\v1.35\sources\common\memcpy.c estimated size: 99

src/main.c
		_SYS_InterruptLow		CODE           	0018	0000	223
		_SYS_InterruptHigh		CODE           	0008	0000	127
		_process_update_answer		CODE           	13C04	0000	459
		_send_periodical_update		CODE           	1141A	0000	1657
		_main          		CODE           	1306E	0000	703
		_send_writables_update		CODE           	15276	0000	289
		_read_sensors  		CODE           	12D68	0000	775
		_timer_reset   		CODE           	16F24	0000	27
		_send_initial_update		CODE           	10C7A	0000	1953
		_update_variable		CODE           	159DC	0000	237
		_wait_for_1_sec		CODE           	16DB2	0000	55

src/main.c estimated size: 6505

D:\Program Files (x86)\Microchip\xc8\v1.35\sources\common\fttol.c
		___fttol       		CODE           	14B4A	0000	325

D:\Program Files (x86)\Microchip\xc8\v1.35\sources\common\fttol.c estimated size: 325

../../muta/muta_messages.c
		_adapt_power_level		CODE           	169D6	0000	101
		_encode_ufixed16_variable		CODE           	15EA0	0000	187
		_do_POWER_TEST 		CODE           	145E8	0000	355
		_mW_ufixed16_to_dBm		CODE           	15C5C	0000	199
		_do_NETWORK_REGISTER		CODE           	142D4	0000	397
		_dBm_to_mW_ufixed16		CODE           	14F06	0000	295
		_do_UPDATE     		CODE           	14460	0000	393
		_labelcmp      		CODE           	16014	0000	185
		_encode_uint8_variable		CODE           	16224	0000	167
		_decode_variable		CODE           	158E8	0000	245

../../muta/muta_messages.c estimated size: 2524

src/miwi/miwi_mesh.c
		_MiApp_EstablishConnection		CODE           	12932	0000	1079
		_MiApp_TransceiverPowerState		CODE           	16D3C	0000	61
		_MiApp_ProtocolInit		CODE           	1502C	0000	295
		_MiApp_UnicastAddress		CODE           	12494	0000	1183
		_SendMACPacket 		CODE           	166AE	0000	125
		_SearchForLongAddress		CODE           	15AC8	0000	205
		_findNextNetworkEntry		CODE           	16CFC	0000	65
		_SearchForShortAddress		CODE           	16528	0000	141
		_OpenSocket    		CODE           	15D22	0000	193
		_MiApp_SetChannel		CODE           	16EB2	0000	31
		_MiWiTasks     		CODE           	10000	0000	3195
		_MiApp_DiscardMessage		CODE           	16F84	0000	11
		_MiApp_MessageAvailable		CODE           	16F68	0000	19
		_MiApp_SearchConnection		CODE           	13A02	0000	515
		_isSameAddress 		CODE           	16B4C	0000	83
		_AddNodeToNetworkTable		CODE           	15152	0000	293
		_MiApp_ConnectionMode		CODE           	16E18	0000	45

src/miwi/miwi_mesh.c estimated size: 7539

D:\Program Files (x86)\Microchip\xc8\v1.35\sources\pic18\plib\rtcc\RtccWrOn.c
		_RtccWrOn      		CODE           	16F56	0000	19

D:\Program Files (x86)\Microchip\xc8\v1.35\sources\pic18\plib\rtcc\RtccWrOn.c estimated size: 19

D:\Program Files (x86)\Microchip\xc8\v1.35\sources\common\awdiv.c
		___awdiv       		CODE           	15DE2	0000	191

D:\Program Files (x86)\Microchip\xc8\v1.35\sources\common\awdiv.c estimated size: 191

shared
		i2_RegisterSet 		CODE           	16C32	0000	71
		i2_RegisterRead		CODE           	16AF4	0000	89
		i1___ftadd     		CODE           	13F7E	0000	429
		_StaticSecurityKey		CODE           	1FFEC	0000	9
		_BATTERY_VOLTAGE_LABEL		MEDIUMCONST    	FFDF	0000	5
		_ScanTime      		MEDIUMCONST    	FF33	0000	61
		i2_SetRFMode   		CODE           	16400	0000	153
		_InitConfigRegs		MEDIUMCONST    	FEF3	0000	65
		_POWER_LABEL   		MEDIUMCONST    	FFEB	0000	5
		_TX_POWER_N_2_DB_MW		MEDIUMCONST    	0000	0000	0
		_TX_POWER_N_5_DB_MW		MEDIUMCONST    	0000	0000	0
		_TX_POWER_N_8_DB_MW		MEDIUMCONST    	0000	0000	0
		i1___ftpack    		CODE           	160CC	0000	175
		_PVALUE        		MEDIUMCONST    	FF6F	0000	33
		_myUID         		CODE           	1FFF6	0000	3
		_SVALUE        		MEDIUMCONST    	FF8F	0000	33
		__initialization		CODE           	165B4	0000	117
		_FAILEDMSG_LABEL		MEDIUMCONST    	FFE3	0000	5
		_TX_POWER_INVALID		MEDIUMCONST    	0000	0000	0
		_TX_POWER_10_DB_MW		MEDIUMCONST    	0000	0000	0
		_TX_POWER_13_DB_MW		MEDIUMCONST    	0000	0000	0
		i2_SPIGet      		CODE           	16F8E	0000	11
		_myMODEL       		CODE           	1FFF4	0000	2
		_LIGHT_LEVEL_LABEL		MEDIUMCONST    	FFE7	0000	5
		_TX_POWER_1_DB_MW		MEDIUMCONST    	0000	0000	0
		_TX_POWER_4_DB_MW		MEDIUMCONST    	0000	0000	0
		_TX_POWER_7_DB_MW		MEDIUMCONST    	0000	0000	0
		i2_WriteFIFO   		CODE           	16CBA	0000	67
		i2_SPIPut      		CODE           	16F08	0000	29
		_UPDATE_FREQUENCY_LABEL		MEDIUMCONST    	FFF7	0000	5
		i2_MiWi_TickGet		CODE           	1688A	0000	117
		i2_TxPacket    		CODE           	13DCE	0000	433
		_myMUTA_version		CODE           	1FFF2	0000	2
		_UPTIME_LABEL  		MEDIUMCONST    	FFFB	0000	5
		_TEMPERATURE_LABEL		MEDIUMCONST    	FFEF	0000	5

shared estimated size: 1934

D:\Program Files (x86)\Microchip\xc8\v1.35\sources\common\ftadd.c
		___ftadd       		CODE           	1332C	0000	617

D:\Program Files (x86)\Microchip\xc8\v1.35\sources\common\ftadd.c estimated size: 617

src/18F27J53/symbol.c
		_InitSymbolTimer		CODE           	16F3E	0000	25
		_MiWi_TickGet  		CODE           	16816	0000	117

src/18F27J53/symbol.c estimated size: 142

src/18F27J53/spi.c
		_SPIGet        		CODE           	16F7A	0000	11
		_SPIPut        		CODE           	16EEC	0000	29

src/18F27J53/spi.c estimated size: 40

D:\Program Files (x86)\Microchip\xc8\v1.35\sources\common\ftge.c
		___ftge        		CODE           	15B94	0000	201

D:\Program Files (x86)\Microchip\xc8\v1.35\sources\common\ftge.c estimated size: 201

D:\Program Files (x86)\Microchip\xc8\v1.35\sources\common\Umul32.c
		___lmul        		CODE           	167A0	0000	119

D:\Program Files (x86)\Microchip\xc8\v1.35\sources\common\Umul32.c estimated size: 119

D:\Program Files (x86)\Microchip\xc8\v1.35\sources\common\ftneg.c
		___ftneg       		CODE           	16DE8	0000	49

D:\Program Files (x86)\Microchip\xc8\v1.35\sources\common\ftneg.c estimated size: 49

D:\Program Files (x86)\Microchip\xc8\v1.35\sources\common\float.c
		___ftpack      		CODE           	155D4	0000	269

D:\Program Files (x86)\Microchip\xc8\v1.35\sources\common\float.c estimated size: 269

