Microchip MPLAB XC8 Compiler V1.35 ()

Linker command line:

--edf=D:\Program Files (x86)\Microchip\xc8\v1.35\dat\en_msgs.txt -cs \
  -h+dist/18F27J53/production\dev_18F27J53_operator_basecamp.X.production.sym \
  --cmf=dist/18F27J53/production\dev_18F27J53_operator_basecamp.X.production.cmf \
  -z -Q18F27J53 -oC:\Users\nio10\AppData\Local\Temp\s7gg.2 \
  -Mdist/18F27J53/production/dev_18F27J53_operator_basecamp.X.production.map \
  -E1 -ver=XC8 -ASTACK=0840h-0cffh -pstack=STACK -p_myUID_const=1FFF6h \
  -p_myMUTA_version_const=1FFF2h -p_myMODEL_const=1FFF4h \
  -p_StaticSecurityKey_const=1FECh -ACODE=00h-01FFF7h -ACONST=00h-01FFF7h \
  -ASMALLCONST=0F00h-0FFFhx496,01FF00h-01FFF7h \
  -AMEDIUMCONST=0F00h-0FFFFh,010F00h-01FFF7h -ACOMRAM=01h-05Fh \
  -AABS1=00h-0EAFh -ABIGRAM=01h-0EAFh \
  -ARAM=060h-0FFh,0100h-01FFhx13,0E00h-0EAFh -ABANK0=060h-0FFh \
  -ABANK1=0100h-01FFh -ABANK2=0200h-02FFh -ABANK3=0300h-03FFh \
  -ABANK4=0400h-04FFh -ABANK5=0500h-05FFh -ABANK6=0600h-06FFh \
  -ABANK7=0700h-07FFh -ABANK8=0800h-08FFh -ABANK9=0900h-09FFh \
  -ABANK10=0A00h-0AFFh -ABANK11=0B00h-0BFFh -ABANK12=0C00h-0CFFh \
  -ABANK13=0D00h-0DFFh -ABANK14=0E00h-0EAFh \
  -ASFR=0EB0h-0EFFh,0F00h-0F5Fh,0F60h-0FFFh \
  -preset_vec=00h,intcode=08h,intcodelo=018h,powerup,init,end_init \
  -pramtop=0F00h -psmallconst=SMALLCONST -pmediumconst=MEDIUMCONST \
  -pconst=CONST -AFARRAM=00h-00h -ACONFIG=01FFF8h-01FFFFh -pconfig=CONFIG \
  -pjflash_buffer=01F800h \
  -prdata=COMRAM,nvrram=COMRAM,nvbit=COMRAM,rbss=COMRAM,rbit=COMRAM \
  -pfarbss=FARRAM,fardata=FARRAM,nvFARRAM=FARRAM \
  -pintsave_regs=BIGRAM,bigbss=BIGRAM,bigdata=BIGRAM -pbss=RAM \
  -pidata=CODE,irdata=CODE,ibigdata=CODE,ifardata=CODE -pparam0=BANK0 \
  C:\Users\nio10\AppData\Local\Temp\s7gg.obj \
  dist/18F27J53/production\dev_18F27J53_operator_basecamp.X.production.obj 

Object code version is 3.11

Machine type is 18F27J53

Call graph: (short form)




                Name                               Link     Load   Length Selector   Space Scale
C:\Users\nio10\AppData\Local\Temp\s7gg.obj
                end_init                            1E4      1E4        4        C       0
                reset_vec                             0        0        4        0       0
                config                            1FFF8    1FFF8        8    1FFF8       0
dist/18F27J53/production\dev_18F27J53_operator_basecamp.X.production.obj
                intcodelo                            18       18      1CC        C       0
                intcode                               8        8        E        4       0
                temp                                 5E       5E        1        1       1
                mediumconst                        1FF4     1FF4      3D2      FFA       0
                text126                            B174     B174       74     11E3       0
                text125                            BB38     BB38       1C     11E3       0
                text124                            BBBE     BBBE        A     11E3       0
                text123                            B562     B562       58     11E3       0
                text122                            B698     B698       46     11E3       0
                text121                            AC2E     AC2E       98     11E3       0
                text120                            B764     B764       42     11E3       0
                text119                            737E     737E      1B0     11E3       0
                text118                            B44E     B44E       60     11E3       0
                text117                            4E6C     4E6C      550     11E3       0
                intcode_body                       B25A     B25A       70     11E3       0
                text115                            9A24     9A24       D8     11E3       0
                text114                            A07E     A07E       C4     11E3       0
                text113                            9FBA     9FBA       C4     11E3       0
                text112                            8E70     8E70      118     11E3       0
                text111                            B4AE     B4AE       5C     11E3       0
                text110                            AD5C     AD5C       94     11E3       0
                text109                            B822     B822       3C     11E3       0
                text108                            A5A2     A5A2       BA     11E3       0
                text107                            B940     B940       36     11E3       0
                text106                            B3EE     B3EE       60     11E3       0
                text105                            B7E4     B7E4       3E     11E3       0
                text104                            93A8     93A8       FC     11E3       0
                text103                            B1E8     B1E8       72     11E3       0
                text102                            665C     665C      284     11E3       0
                text101                            7FCA     7FCA      14E     11E3       0
                text100                            A4E8     A4E8       BA     11E3       0
                text99                             BA36     BA36       2C     11E3       0
                text98                             986A     986A       E2     11E3       0
                text97                             968C     968C       F2     11E3       0
                text96                             AA60     AA60       9E     11E3       0
                text95                             9598     9598       F4     11E3       0
                text94                             AE80     AE80       8E     11E3       0
                text93                             9BD2     9BD2       CE     11E3       0
                text92                             B652     B652       46     11E3       0
                text91                             BA8C     BA8C       2A     11E3       0
                text90                             B9DA     B9DA       30     11E3       0
                text89                             84E6     84E6      142     11E3       0
                text88                             8118     8118      146     11E3       0
                text87                             A7C4     A7C4       AE     11E3       0
                text86                             752E     752E      1AC     11E3       0
                text84                             BA0A     BA0A       2C     11E3       0
                text83                             BB6E     BB6E       18     11E3       0
                text82                             BB1C     BB1C       1C     11E3       0
                text81                             B60C     B60C       46     11E3       0
                text80                             AB96     AB96       98     11E3       0
                text79                             A42E     A42E       BA     11E3       0
                text78                             BADA     BADA       24     11E3       0
                text77                             B08A     B08A       76     11E3       0
                text76                             A872     A872       AA     11E3       0
                text75                             83A2     83A2      144     11E3       0
                text74                             BBD4     BBD4        2     11E3       0
                text73                             7A26     7A26      190     11E3       0
                text72                             BBB4     BBB4        A     11E3       0
                text71                             B50A     B50A       58     11E3       0
                text70                             A142     A142       BE     11E3       0
                text69                             B012     B012       78     11E3       0
                text68                             89D6     89D6      130     11E3       0
                text67                             B100     B100       74     11E3       0
                text66                             6FB6     6FB6      1EE     11E3       0
                text65                             9094     9094      10C     11E3       0
                text64                             BAB6     BAB6       24     11E3       0
                text63                             BBAA     BBAA        A     11E3       0
                text62                             9D68     9D68       C8     11E3       0
                text61                             AF0E     AF0E       88     11E3       0
                text60                             B7A6     B7A6       3E     11E3       0
                text59                             8C2C     8C2C      124     11E3       0
                text58                             B6DE     B6DE       44     11E3       0
                text57                             A374     A374       BA     11E3       0
                text56                             6D9C     6D9C      21A     11E3       0
                text55                             91A0     91A0      10A     11E3       0
                text54                             8D50     8D50      120     11E3       0
                text53                             7E74     7E74      156     11E3       0
                text52                             B5BA     B5BA       52     11E3       0
                text51                             5908     5908      4B8     11E3       0
                text50                             88A2     88A2      134     11E3       0
                text49                             B722     B722       42     11E3       0
                text48                             76DA     76DA      1AA     11E3       0
                text47                             6B48     6B48      254     11E3       0
                text46                             AF96     AF96       7C     11E3       0
                text45                             8766     8766      13C     11E3       0
                text44                             4812     4812      65A     11E3       0
                text43                             ACC6     ACC6       96     11E3       0
                text42                             23C6     23C6     1984     11E3       0
                text41                             BB98     BB98       12     11E3       0
                text40                             5DC0     5DC0      46A     11E3       0
                text39                             BB86     BB86       12     11E3       0
                text38                             BAFE     BAFE       1E     11E3       0
                text37                             8628     8628      13E     11E3       0
                text36                             B898     B898       3A     11E3       0
                text35                             B976     B976       34     11E3       0
                text34                             7BB6     7BB6      160     11E3       0
                text33                             A2BA     A2BA       BA     11E3       0
                text32                             B32C     B32C       62     11E3       0
                text31                             94A4     94A4       F4     11E3       0
                text30                             994C     994C       D8     11E3       0
                text29                             9EF6     9EF6       C4     11E3       0
                text28                             8B06     8B06      126     11E3       0
                text27                             A200     A200       BA     11E3       0
                text26                             A91C     A91C       A6     11E3       0
                text25                             AAFE     AAFE       98     11E3       0
                text24                             7884     7884      1A2     11E3       0
                text23                             8F88     8F88      10C     11E3       0
                text22                             7D16     7D16      15E     11E3       0
                text21                             B9AA     B9AA       30     11E3       0
                text20                             A9C2     A9C2       9E     11E3       0
                text19                             68E0     68E0      268     11E3       0
                text18                             9CA0     9CA0       C8     11E3       0
                text17                             825E     825E      144     11E3       0
                text16                             ADF0     ADF0       90     11E3       0
                text15                             92AA     92AA       FE     11E3       0
                text14                             622A     622A      432     11E3       0
                text13                             A714     A714       B0     11E3       0
                text12                             71A4     71A4      1DA     11E3       0
                text11                             B2CA     B2CA       62     11E3       0
                text10                             B90A     B90A       36     11E3       0
                text9                              BA62     BA62       2A     11E3       0
                text8                              53BC     53BC      54C     11E3       0
                text7                              B8D2     B8D2       38     11E3       0
                text6                              BB54     BB54       1A     11E3       0
                text5                              B38E     B38E       60     11E3       0
                text4                              B85E     B85E       3A     11E3       0
                text3                              A65C     A65C       B8     11E3       0
                text2                              9E30     9E30       C6     11E3       0
                text1                              977E     977E       EC     11E3       0
                text0                              3D4A     3D4A      AC8     11E3       0
                cstackCOMRAM                          1        1       31        1       1
                cstackBANK0                          A3       A3       43       60       1
                cstackBANK1                         100      100       90      100       1
                cstackBANK3                         3C4      3C4       1F      300       1
                bssBIGRAMl                          600      600      240      600       1
                bssBANK5                            500      500      100      500       1
                bssBANK4                            400      400       40      400       1
                bssBANK3                            300      300       C4      300       1
                dataBANK2                           2F9      2F9        6      200       1
                bssBANK2                            200      200       F9      200       1
                dataBANK1                           1F8      1F8        3      100       1
                bssBANK1                            190      190       68      100       1
                bssBANK0                             60       60       43       60       1
                dataCOMRAM                           5B       5B        3        1       1
                bssCOMRAM                            32       32       29        1       1
                cinit                              9AFC     9AFC       D6     11E3       0
                _myMUTA_version_const             1FFF2    1FFF2        2     FFF9       0
                _myMODEL_const                    1FFF4    1FFF4        2     FFFA       0
                _myUID_const                      1FFF6    1FFF6        2     FFFB       0
                _StaticSecurityKey_const           1FEC     1FEC        8      FF6       0
                idataBANK2                         BBC8     BBC8        6     11E3       0
                idataBANK1                         BBD1     BBD1        3     11E3       0
                idataCOMRAM                        BBCE     BBCE        3     11E3       0

TOTAL           Name                               Link     Load   Length     Space
        CLASS   STACK          

        CLASS   CODE           
                end_init                            1E4      1E4        4         0
                intcodelo                            18       18      1CC         0
                intcode                               8        8        E         0
                reset_vec                             0        0        4         0
                text126                            B174     B174       74         0
                text125                            BB38     BB38       1C         0
                text124                            BBBE     BBBE        A         0
                text123                            B562     B562       58         0
                text122                            B698     B698       46         0
                text121                            AC2E     AC2E       98         0
                text120                            B764     B764       42         0
                text119                            737E     737E      1B0         0
                text118                            B44E     B44E       60         0
                text117                            4E6C     4E6C      550         0
                intcode_body                       B25A     B25A       70         0
                text115                            9A24     9A24       D8         0
                text114                            A07E     A07E       C4         0
                text113                            9FBA     9FBA       C4         0
                text112                            8E70     8E70      118         0
                text111                            B4AE     B4AE       5C         0
                text110                            AD5C     AD5C       94         0
                text109                            B822     B822       3C         0
                text108                            A5A2     A5A2       BA         0
                text107                            B940     B940       36         0
                text106                            B3EE     B3EE       60         0
                text105                            B7E4     B7E4       3E         0
                text104                            93A8     93A8       FC         0
                text103                            B1E8     B1E8       72         0
                text102                            665C     665C      284         0
                text101                            7FCA     7FCA      14E         0
                text100                            A4E8     A4E8       BA         0
                text99                             BA36     BA36       2C         0
                text98                             986A     986A       E2         0
                text97                             968C     968C       F2         0
                text96                             AA60     AA60       9E         0
                text95                             9598     9598       F4         0
                text94                             AE80     AE80       8E         0
                text93                             9BD2     9BD2       CE         0
                text92                             B652     B652       46         0
                text91                             BA8C     BA8C       2A         0
                text90                             B9DA     B9DA       30         0
                text89                             84E6     84E6      142         0
                text88                             8118     8118      146         0
                text87                             A7C4     A7C4       AE         0
                text86                             752E     752E      1AC         0
                text84                             BA0A     BA0A       2C         0
                text83                             BB6E     BB6E       18         0
                text82                             BB1C     BB1C       1C         0
                text81                             B60C     B60C       46         0
                text80                             AB96     AB96       98         0
                text79                             A42E     A42E       BA         0
                text78                             BADA     BADA       24         0
                text77                             B08A     B08A       76         0
                text76                             A872     A872       AA         0
                text75                             83A2     83A2      144         0
                text74                             BBD4     BBD4        2         0
                text73                             7A26     7A26      190         0
                text72                             BBB4     BBB4        A         0
                text71                             B50A     B50A       58         0
                text70                             A142     A142       BE         0
                text69                             B012     B012       78         0
                text68                             89D6     89D6      130         0
                text67                             B100     B100       74         0
                text66                             6FB6     6FB6      1EE         0
                text65                             9094     9094      10C         0
                text64                             BAB6     BAB6       24         0
                text63                             BBAA     BBAA        A         0
                text62                             9D68     9D68       C8         0
                text61                             AF0E     AF0E       88         0
                text60                             B7A6     B7A6       3E         0
                text59                             8C2C     8C2C      124         0
                text58                             B6DE     B6DE       44         0
                text57                             A374     A374       BA         0
                text56                             6D9C     6D9C      21A         0
                text55                             91A0     91A0      10A         0
                text54                             8D50     8D50      120         0
                text53                             7E74     7E74      156         0
                text52                             B5BA     B5BA       52         0
                text51                             5908     5908      4B8         0
                text50                             88A2     88A2      134         0
                text49                             B722     B722       42         0
                text48                             76DA     76DA      1AA         0
                text47                             6B48     6B48      254         0
                text46                             AF96     AF96       7C         0
                text45                             8766     8766      13C         0
                text44                             4812     4812      65A         0
                text43                             ACC6     ACC6       96         0
                text42                             23C6     23C6     1984         0
                text41                             BB98     BB98       12         0
                text40                             5DC0     5DC0      46A         0
                text39                             BB86     BB86       12         0
                text38                             BAFE     BAFE       1E         0
                text37                             8628     8628      13E         0
                text36                             B898     B898       3A         0
                text35                             B976     B976       34         0
                text34                             7BB6     7BB6      160         0
                text33                             A2BA     A2BA       BA         0
                text32                             B32C     B32C       62         0
                text31                             94A4     94A4       F4         0
                text30                             994C     994C       D8         0
                text29                             9EF6     9EF6       C4         0
                text28                             8B06     8B06      126         0
                text27                             A200     A200       BA         0
                text26                             A91C     A91C       A6         0
                text25                             AAFE     AAFE       98         0
                text24                             7884     7884      1A2         0
                text23                             8F88     8F88      10C         0
                text22                             7D16     7D16      15E         0
                text21                             B9AA     B9AA       30         0
                text20                             A9C2     A9C2       9E         0
                text19                             68E0     68E0      268         0
                text18                             9CA0     9CA0       C8         0
                text17                             825E     825E      144         0
                text16                             ADF0     ADF0       90         0
                text15                             92AA     92AA       FE         0
                text14                             622A     622A      432         0
                text13                             A714     A714       B0         0
                text12                             71A4     71A4      1DA         0
                text11                             B2CA     B2CA       62         0
                text10                             B90A     B90A       36         0
                text9                              BA62     BA62       2A         0
                text8                              53BC     53BC      54C         0
                text7                              B8D2     B8D2       38         0
                text6                              BB54     BB54       1A         0
                text5                              B38E     B38E       60         0
                text4                              B85E     B85E       3A         0
                text3                              A65C     A65C       B8         0
                text2                              9E30     9E30       C6         0
                text1                              977E     977E       EC         0
                text0                              3D4A     3D4A      AC8         0
                cinit                              9AFC     9AFC       D6         0
                _myMUTA_version_const             1FFF2    1FFF2        2         0
                _myMODEL_const                    1FFF4    1FFF4        2         0
                _myUID_const                      1FFF6    1FFF6        2         0
                _StaticSecurityKey_const           1FEC     1FEC        8         0
                idataBANK2                         BBC8     BBC8        6         0
                idataBANK1                         BBD1     BBD1        3         0
                idataCOMRAM                        BBCE     BBCE        3         0

        CLASS   CONST          

        CLASS   SMALLCONST     

        CLASS   MEDIUMCONST    
                mediumconst                        1FF4     1FF4      3D2         0

        CLASS   COMRAM         
                temp                                 5E       5E        1         1
                cstackCOMRAM                          1        1       31         1
                dataCOMRAM                           5B       5B        3         1
                bssCOMRAM                            32       32       29         1

        CLASS   ABS1           
                abs_s1                              D00      D00       30         1

        CLASS   BIGRAM         
                bssBIGRAMl                          600      600      240         1

        CLASS   RAM            

        CLASS   BANK0          
                cstackBANK0                          A3       A3       43         1
                bssBANK0                             60       60       43         1

        CLASS   BANK1          
                cstackBANK1                         100      100       90         1
                dataBANK1                           1F8      1F8        3         1
                bssBANK1                            190      190       68         1

        CLASS   BANK2          
                dataBANK2                           2F9      2F9        6         1
                bssBANK2                            200      200       F9         1

        CLASS   BANK3          
                cstackBANK3                         3C4      3C4       1F         1
                bssBANK3                            300      300       C4         1

        CLASS   BANK4          
                bssBANK4                            400      400       40         1

        CLASS   BANK5          
                bssBANK5                            500      500      100         1

        CLASS   BANK6          

        CLASS   BANK7          

        CLASS   BANK8          

        CLASS   BANK9          

        CLASS   BANK10         

        CLASS   BANK11         

        CLASS   BANK12         

        CLASS   BANK13         

        CLASS   BANK14         

        CLASS   SFR            

        CLASS   FARRAM         

        CLASS   CONFIG         
                config                            1FFF8    1FFF8        8         0

        CLASS   IDLOC          



SEGMENTS        Name                           Load    Length   Top    Selector   Space  Class

                reset_vec                      000000  000004  000004         0       0  CODE    
                cstackCOMRAM                   000001  00005E  00005F         1       1  COMRAM  
                intcode                        000008  00000E  000016         4       0  CODE    
                intcodelo                      000018  0001D0  0001E8         C       0  CODE    
                bssBANK0                       000060  000086  0000E6        60       1  BANK0   
                cstackBANK1                    000100  0000FB  0001FB       100       1  BANK1   
                bssBANK2                       000200  0000FF  0002FF       200       1  BANK2   
                bssBANK3                       000300  0000E3  0003E3       300       1  BANK3   
                bssBANK4                       000400  000040  000440       400       1  BANK4   
                bssBANK5                       000500  000100  000600       500       1  BANK5   
                bssBIGRAMl                     000600  000240  000840       600       1  BIGRAM  
                _StaticSecurityKey_const       001FEC  000008  001FF4       FF6       0  CODE    
                mediumconst                    001FF4  0003D2  0023C6       FFA       0  MEDIUMCO
                text42                         0023C6  009810  00BBD6      11E3       0  CODE    
                _myMUTA_version_const          01FFF2  000002  01FFF4      FFF9       0  CODE    
                _myMODEL_const                 01FFF4  000002  01FFF6      FFFA       0  CODE    
                _myUID_const                   01FFF6  000002  01FFF8      FFFB       0  CODE    
                config                         01FFF8  000008  020000     1FFF8       0  CONFIG  


UNUSED ADDRESS RANGES

        Name                Unused          Largest block    Delta
        BANK0            000E6-000FF              1A
        BANK1            001FB-001FF               5
        BANK10           00A00-00AFF             100
        BANK11           00B00-00BFF             100
        BANK12           00C00-00CFF             100
        BANK13           00D30-00DFF              D0
        BANK14           00E00-00EAF              B0
        BANK2            002FF-002FF               1
        BANK3            003E3-003FF              1D
        BANK4            00440-004FF              C0
        BANK8            00840-008FF              C0
        BANK9            00900-009FF             100
        BIGRAM           0005F-0005F               1
                         000E6-000FF              1A
                         001FB-001FF               5
                         002FF-002FF               1
                         003E3-003FF              1D
                         00440-004FF              C0
                         00840-00CFF             4C0
                         00D30-00EAF             180
        CODE             00004-00007               4
                         00016-00017               2
                         001E8-01FEB            1E04
                         0BBD6-1FFF1           1441C
        COMRAM           0005F-0005F               1
        CONST            00004-00007               4
                         00016-00017               2
                         001E8-01FEB            1E04
                         0BBD6-1FFF1           1441C
        MEDIUMCONST      00F00-01FEB            10EC
                         0BBD6-0FFFF            442A
                         10F00-1FFF1            F0F2
        RAM              000E6-000FF              1A
                         001FB-001FF               5
                         002FF-002FF               1
                         003E3-003FF              1D
                         00440-004FF              C0
                         00840-00CFF             100
                         00D30-00EAF              D0
        SFR              00EB0-00FFF              60
        SMALLCONST       00F00-01FEB             100
                         0BBD6-1FFF1             100
        STACK            00840-00CFF             4C0

                                  Symbol Table

?_MiWi_TickGet                            cstackBANK1              00100
?_USBTransferOnePacket                    cstackBANK1              00100
?___altoft                                cstackBANK1              00123
?___awdiv                                 cstackBANK1              00106
?___ftadd                                 cstackBANK1              00108
?___ftmul                                 cstackBANK1              00138
?___ftneg                                 cstackBANK1              00135
?___ftpack                                cstackBANK1              00100
?___fttol                                 cstackBANK1              00114
?___lmul                                  cstackBANK1              00100
?___lwdiv                                 cstackBANK1              00100
?___lwmod                                 cstackBANK1              00107
?___wmul                                  cstackBANK1              00100
?_dBm_to_mW                               cstackBANK1              00100
?_decode_variable                         cstackBANK1              0010A
?_floor                                   cstackBANK1              0012D
?_sprintf                                 cstackBANK1              0010C
?i1_USBTransferOnePacket                  cstackCOMRAM             00001
?i1___ftadd                               cstackCOMRAM             00009
?i1___ftpack                              cstackCOMRAM             00001
?i2_MiWi_TickGet                          cstackBANK0              000A3
AddNodeToNetworkTable@handle              cstackBANK1              00109
AddNodeToNetworkTable@i                   cstackBANK1              00108
BroadcastJitter@jitter                    cstackBANK1              0011B
BroadcastJitter@range                     cstackBANK1              0011A
BroadcastJitter@t1                        cstackBANK1              00112
BroadcastJitter@t2                        cstackBANK1              00116
CBC_MAC@MIC                               cstackBANK1              0011C
CBC_MAC@block                             cstackBANK1              00121
CBC_MAC@i                                 cstackBANK1              00123
CBC_MAC@j                                 cstackBANK1              00122
CBC_MAC@key                               cstackBANK1              0011A
CBC_MAC@len                               cstackBANK1              00119
CBC_MAC@text                              cstackBANK1              00117
CCM_Dec@headerLen                         cstackBANK1              00126
CCM_Dec@i                                 cstackBANK1              00132
CCM_Dec@key                               cstackBANK1              00128
CCM_Dec@payloadLen                        cstackBANK1              00127
CCM_Dec@text                              cstackBANK1              00124
CCM_Enc@headerLen                         cstackBANK1              00126
CCM_Enc@i                                 cstackBANK1              0012E
CCM_Enc@key                               cstackBANK1              00128
CCM_Enc@payloadLen                        cstackBANK1              00127
CCM_Enc@text                              cstackBANK1              00124
CTR@block                                 cstackBANK1              00121
CTR@i                                     cstackBANK1              00122
CTR@j                                     cstackBANK1              00123
CTR@key                                   cstackBANK1              0011A
CTR@len                                   cstackBANK1              00119
CTR@nounce                                cstackBANK1              0011C
CTR@text                                  cstackBANK1              00117
DELAY_ms@cyclesRequiredForEntireDelay     cstackBANK1              0010E
DELAY_ms@ms                               cstackBANK1              0010C
MIWIInterruptHandler@BankIndex            cstackBANK0              000D6
MIWIInterruptHandler@PacketLen            cstackBANK0              000D5
MIWIInterruptHandler@RxPacketPtr          cstackBANK0              000D3
MIWIInterruptHandler@ackInfoIndex         cstackBANK0              000D4
MIWIInterruptHandler@ackPacket            cstackBANK0              000CE
MIWIInterruptHandler@bAck                 cstackBANK0              000D2
MIWIInterruptHandler@counter              cstackBANK0              000CB
MIWIInterruptHandler@fifo_stat            cstackBANK0              000CD
MIWIInterruptHandler@i                    cstackBANK0              000D7
MiApp_ConnectionMode@Mode                 cstackBANK1              00101
MiApp_NoiseDetection@ChannelMap           cstackBANK1              0011D
MiApp_NoiseDetection@DetectionMode        cstackBANK1              00122
MiApp_NoiseDetection@OptimalChannel       cstackBANK1              0013A
MiApp_NoiseDetection@RSSIValue            cstackBANK1              00123
MiApp_NoiseDetection@RSSIcheck            cstackBANK1              0013D
MiApp_NoiseDetection@ScanDuration         cstackBANK1              00121
MiApp_NoiseDetection@channelMask          cstackBANK1              0012E
MiApp_NoiseDetection@i                    cstackBANK1              0013F
MiApp_NoiseDetection@j                    cstackBANK1              0013B
MiApp_NoiseDetection@k                    cstackBANK1              0013C
MiApp_NoiseDetection@maxRSSI              cstackBANK1              00140
MiApp_NoiseDetection@minRSSI              cstackBANK1              0013E
MiApp_NoiseDetection@t1                   cstackBANK1              00132
MiApp_NoiseDetection@t2                   cstackBANK1              00136
MiApp_ProtocolInit@MIP                    cstackBANK1              00118
MiApp_ProtocolInit@bNetworkFreezer        cstackBANK1              00117
MiApp_ProtocolInit@i                      cstackBANK1              0011B
MiApp_SetChannel@channel                  cstackBANK1              0010A
MiApp_StartConnection@ChannelMap          cstackBANK1              00142
MiApp_StartConnection@Mode                cstackBANK1              00147
MiApp_StartConnection@RSSIValue           cstackBANK1              00149
MiApp_StartConnection@ScanDuration        cstackBANK1              00141
MiApp_StartConnection@channel             cstackBANK1              00148
MiApp_UnicastAddress@DestAddress          cstackBANK1              0017D
MiApp_UnicastAddress@MiWiFrameControl     cstackBANK3              003D4
MiApp_UnicastAddress@PermanentAddr        cstackBANK1              0017F
MiApp_UnicastAddress@SecEn                cstackBANK1              00180
MiApp_UnicastAddress@handle               cstackBANK3              003D6
MiApp_UnicastAddress@i                    cstackBANK3              003D5
MiApp_UnicastAddress@t1                   cstackBANK3              003C4
MiApp_UnicastAddress@t1_2749              cstackBANK3              003CC
MiApp_UnicastAddress@t2                   cstackBANK3              003C8
MiApp_UnicastAddress@t2_2760              cstackBANK3              003D0
MiMAC_ChannelAssessment@AssessmentMode    cstackBANK1              00118
MiMAC_ChannelAssessment@F10758            dataBANK2                002F9
MiMAC_ChannelAssessment@count             cstackBANK1              0011A
MiMAC_ChannelAssessment@i                 cstackBANK1              0011C
MiMAC_ChannelAssessment@k                 cstackBANK1              00119
MiMAC_ChannelAssessment@result            cstackBANK1              00112
MiMAC_Init@i                              cstackBANK1              00115
MiMAC_Init@initValue                      cstackBANK1              00112
MiMAC_ReceivedPacket@FrameCounter         cstackBANK1              0013F
MiMAC_ReceivedPacket@PayloadIndex         cstackBANK1              00145
MiMAC_ReceivedPacket@currentTick          cstackBANK1              0013B
MiMAC_ReceivedPacket@i                    cstackBANK1              00146
MiMAC_ReceivedPacket@j                    cstackBANK1              00144
MiMAC_ReceivedPacket@k                    cstackBANK1              00143
MiMAC_SendPacket@MACPayload               cstackBANK1              00132
MiMAC_SendPacket@MACPayloadLen            cstackBANK1              00134
MiMAC_SendPacket@TxIndex                  cstackBANK1              00137
MiMAC_SendPacket@headerLen                cstackBANK1              00136
MiMAC_SendPacket@i                        cstackBANK1              00138
MiMAC_SendPacket@transParam               cstackBANK1              0012F
MiMAC_SetAltAddress@Address               cstackBANK1              00100
MiMAC_SetAltAddress@PANID                 cstackBANK1              00102
MiMAC_SetChannel@channel                  cstackBANK1              00109
MiMAC_SetChannel@offsetFreq               cstackBANK1              00107
MiMAC_SetPower@outputPower                cstackBANK1              00108
MiWiTasks@CapacityByte                    cstackBANK1              00170
MiWiTasks@CoordAddress                    cstackBANK1              0015E
MiWiTasks@associateStatus                 cstackBANK1              00163
MiWiTasks@cIndex                          cstackBANK1              0016B
MiWiTasks@coordinatorNumber               cstackBANK1              00168
MiWiTasks@destPANID                       cstackBANK1              0016D
MiWiTasks@destShortAddress                cstackBANK1              00173
MiWiTasks@entry                           cstackBANK1              0017A
MiWiTasks@entry_2536                      cstackBANK1              00161
MiWiTasks@handle                          cstackBANK1              00177
MiWiTasks@i                               cstackBANK1              0017C
MiWiTasks@j                               cstackBANK1              0017B
MiWiTasks@j_2488                          cstackBANK1              00171
MiWiTasks@j_2532                          cstackBANK1              00172
MiWiTasks@j_2544                          cstackBANK1              00169
MiWiTasks@j_2569                          cstackBANK1              0016C
MiWiTasks@jitter                          cstackBANK1              00162
MiWiTasks@mask                            cstackBANK1              00160
MiWiTasks@rxIndex                         cstackBANK1              0016F
MiWiTasks@sourcePANID                     cstackBANK1              00175
MiWiTasks@sourceShortAddress              cstackBANK1              00178
MiWiTasks@t1                              cstackBANK1              00164
MiWiTasks@t1_2546                         cstackBANK1              00156
MiWiTasks@t2                              cstackBANK1              00152
MiWiTasks@t2_2557                         cstackBANK1              0015A
MiWi_TickGet@currentTime                  cstackBANK1              00106
MiWi_TickGet@failureCounter               cstackBANK1              00105
RegisterRead@IRQ0select                   cstackBANK1              00104
RegisterRead@IRQ1select                   cstackBANK1              00103
RegisterRead@address                      cstackBANK1              00105
RegisterRead@value                        cstackBANK1              00102
RegisterSet@IRQ0select                    cstackBANK1              00105
RegisterSet@IRQ1select                    cstackBANK1              00104
RegisterSet@setting                       cstackBANK1              00102
RouteMessage@PANID                        cstackBANK1              0013D
RouteMessage@SecEn                        cstackBANK1              00141
RouteMessage@ShortAddress                 cstackBANK1              0013F
RouteMessage@i                            cstackBANK1              00147
RouteMessage@j                            cstackBANK1              00145
RouteMessage@parentNode                   cstackBANK1              00146
SPIPut@i                                  cstackBANK1              00100
SPIPut@v                                  cstackBANK1              00101
SYSTEM_Initialize@pll_startup_counter     cstackBANK1              00100
SearchForLongAddress@i                    cstackBANK1              00105
SearchForLongAddress@j                    cstackBANK1              00104
SearchForShortAddress@i                   cstackBANK1              00102
SendMACPacket@Address                     cstackBANK1              00139
SendMACPacket@PacketType                  cstackBANK1              0013B
SetRFMode@mode                            cstackBANK1              00106
TxPacket@CCA                              cstackBANK1              0010A
TxPacket@CCARetries                       cstackBANK1              0011B
TxPacket@TxPacketLen                      cstackBANK1              0011F
TxPacket@allowedTxFailure                 cstackBANK1              0011D
TxPacket@i                                cstackBANK1              00120
TxPacket@reTry                            cstackBANK1              0011C
TxPacket@rssival                          cstackBANK1              00121
TxPacket@status                           cstackBANK1              0011E
TxPacket@t1                               cstackBANK1              00113
TxPacket@t2                               cstackBANK1              00117
USBConfigureEndpoint@EPNum                cstackCOMRAM             00006
USBConfigureEndpoint@direction            cstackCOMRAM             00001
USBConfigureEndpoint@handle               cstackCOMRAM             00007
USBCtrlEPService@setup_cnt                cstackCOMRAM             0001D
USBCtrlTrfInHandler@lastDTS               cstackCOMRAM             00002
USBCtrlTrfRxService@byteToRead            cstackCOMRAM             00002
USBCtrlTrfRxService@i                     cstackCOMRAM             00001
USBCtrlTrfTxService@byteToSend            cstackCOMRAM             00001
USBDeviceInit@i                           cstackBANK1              00108
USBDeviceTasks@i                          cstackCOMRAM             0001E
USBEnableEndpoint@ep                      cstackCOMRAM             0000C
USBEnableEndpoint@options                 cstackCOMRAM             00009
USBEnableEndpoint@p                       cstackCOMRAM             0000A
USBStdFeatureReqHandler@current_ep_data   cstackCOMRAM             00018
USBStdFeatureReqHandler@p                 cstackCOMRAM             00019
USBStdFeatureReqHandler@pUEP              cstackCOMRAM             00016
USBStdGetStatusHandler@p                  cstackCOMRAM             00002
USBStdSetCfgHandler@i                     cstackCOMRAM             00015
USBTransferOnePacket@data                 cstackBANK1              00101
USBTransferOnePacket@dir                  cstackBANK1              00100
USBTransferOnePacket@ep                   cstackBANK1              00104
USBTransferOnePacket@handle               cstackBANK1              00105
USBTransferOnePacket@len                  cstackBANK1              00103
USER_USB_CALLBACK_EVENT_HANDLER@event     cstackCOMRAM             0000D
USER_USB_CALLBACK_EVENT_HANDLER@pdata     cstackCOMRAM             0000F
USER_USB_CALLBACK_EVENT_HANDLER@size      cstackCOMRAM             00011
UnicastShortAddress@DestAddress           cstackBANK1              00148
WriteFIFO@Data                            cstackBANK1              00102
WriteFIFO@IRQ0select                      cstackBANK1              00104
WriteFIFO@IRQ1select                      cstackBANK1              00103
_ALRMCFGbits                              (abs)                    00F47
_ANCON0                                   (abs)                    00F48
_ANCON1                                   (abs)                    00F49
_APP_DeviceCustomHIDInitialize            text107                  0B940
_APP_LEDUpdateUSBStatus                   text105                  0B7E4
_AckInfo                                  bssBANK2                 00248
_AcknowledgementAddr                      bssBANK1                 001B3
_AcknowledgementSeq                       dataBANK1                001F8
_ActiveScanResultIndex                    bssBANK1                 001BD
_ActiveScanResults                        bssBANK2                 00200
_AddNodeToNetworkTable                    text59                   08C2C
_BDT                                      (abs)                    00D00
_BestChannel                              bssBANK1                 001BE
_BothEP0OutUOWNsSet                       bssCOMRAM                00044
_BroadcastJitter                          text57                   0A374
_BroadcastRecords                         bssBANK2                 00228
_CBC_MAC                                  text55                   091A0
_CCM_Dec                                  text53                   07E74
_CCM_Dec$1986                             cstackBANK1              00130
_CCM_Enc                                  text50                   088A2
_CCM_Enc$1978                             cstackBANK1              0012C
_CCP1CONbits                              (abs)                    00FBA
_CCPR1L                                   (abs)                    00FBB
_CCPTMRS0                                 (abs)                    00F52
_CHANNEL_LABEL                            mediumconst              021B9
_CTR                                      text54                   08D50
_ConnMode                                 bssBANK1                 001BF
_ConnectionTable                          bssBIGRAMl               00600
_CtrlTrfData                              (abs)                    00D28
_DELAY_ms                                 text76                   0A872
_EECON2                                   (abs)                    00FA7
_INTCON2bits                              (abs)                    00FF1
_INTCON3bits                              (abs)                    00FF0
_INTCONbits                               (abs)                    00FF2
_IPR2bits                                 (abs)                    00FA2
_IPR3bits                                 (abs)                    00FA5
_IRQ1_Received                            bssBANK0                 00099
_IncomingFrameCounter                     bssBANK5                 00500
_InitConfigRegs                           mediumconst              01FF5
_InitSymbolTimer                          text83                   0BB6E
_LATAbits                                 (abs)                    00F89
_LATBbits                                 (abs)                    00F8A
_LATCbits                                 (abs)                    00F8B
_LED_brightness                           dataCOMRAM               0005B
_LED_increasing                           bssCOMRAM                00045
_MACInitParams                            bssBANK1                 001AA
_MACRxPacket                              bssBANK1                 0019A
_MACSeq                                   bssBANK1                 001C0
_MACTxBuffer                              bssBANK2                 00266
_MIWIInterruptHandler                     text117                  04E6C
_MTP                                      bssBANK1                 001AD
_MiApp_ConnectionMode                     text84                   0BA0A
_MiApp_DiscardMessage                     text63                   0BBAA
_MiApp_MessageAvailable                   text41                   0BB98
_MiApp_NoiseDetection                     text66                   06FB6
_MiApp_ProtocolInit                       text73                   07A26
_MiApp_SetChannel                         text78                   0BADA
_MiApp_StartConnection                    text65                   09094
_MiApp_UnicastAddress                     text40                   05DC0
_MiMAC_ChannelAssessment                  text68                   089D6
_MiMAC_DiscardPacket                      text64                   0BAB6
_MiMAC_Init                               text75                   083A2
_MiMAC_ReceivedPacket                     text51                   05908
_MiMAC_SendPacket                         text47                   06B48
_MiMAC_SetAltAddress                      text74                   0BBD4
_MiMAC_SetChannel                         text79                   0A42E
_MiMAC_SetPower                           text4                    0B85E
_MiWiAckRequired                          bssBANK1                 001C1
_MiWiCapacityInfo                         bssBANK1                 001C2
_MiWiSeqNum                               bssBANK1                 001C3
_MiWiStateMachine                         bssBANK1                 001B5
_MiWiTasks                                text42                   023C6
_MiWi_TickGet                             text67                   0B100
_NOISE_LABEL                              mediumconst              021BD
_OSCTUNEbits                              (abs)                    00F9B
_OutgoingFrameCounter                     bssBANK1                 001A2
_PANID_LABEL                              mediumconst              020C9
_PIE1bits                                 (abs)                    00F9D
_PIE2bits                                 (abs)                    00FA0
_PIE3bits                                 (abs)                    00FA3
_PIR1bits                                 (abs)                    00F9E
_PIR2bits                                 (abs)                    00FA1
_PIR3bits                                 (abs)                    00FA4
_POWER_LABEL                              mediumconst              021C1
_PPSCONbits                               (abs)                    00EBF
_PR2                                      (abs)                    00FCB
_PR4                                      (abs)                    00F77
_PVALUE                                   mediumconst              02071
_Pwr_updated                              bssBANK0                 0009A
_RCONbits                                 (abs)                    00FD0
_RF_Mode                                  bssBANK0                 0009B
_RPINR1                                   (abs)                    00EE1
_RPINR21                                  (abs)                    00EFC
_RPINR22                                  (abs)                    00EFD
_RPOR11                                   (abs)                    00ECB
_RPOR4                                    (abs)                    00EC4
_RPOR5                                    (abs)                    00EC5
_RSSILock                                 bssBANK1                 001C4
_RSSIVal                                  bssBANK0                 0009C
_RTCCAL                                   (abs)                    00F3E
_RTCCFG                                   (abs)                    00F3F
_RTCCFGbits                               (abs)                    00F3F
_RTCC_reset                               text38                   0BAFE
_RTCEN                                    (abs)                    079FF
_RTCOE                                    (abs)                    079FA
_RTCVALHbits                              (abs)                    00F3B
_RTCVALLbits                              (abs)                    00F3A
_ReceivedBankIndex                        bssBANK1                 001C5
_ReceivedDataBuffer                       bssBANK4                 00400
_RegisterRead                             text71                   0B50A
_RegisterSet                              text81                   0B60C
_RemoteWakeup                             bssCOMRAM                00046
_RouteMessage                             text44                   04812
_RouterFailures                           bssBANK0                 00069
_RoutingTable                             bssBANK0                 00071
_RtccWrOn                                 text39                   0BB86
_RxPacket                                 bssBANK3                 00300
_SPIGet                                   text72                   0BBB4
_SPIPut                                   text82                   0BB1C
_SSP2BUF                                  (abs)                    00F75
_SSP2CON1                                 (abs)                    00F72
_SSP2CON1bits                             (abs)                    00F72
_SSP2STAT                                 (abs)                    00F73
_SVALUE                                   mediumconst              02091
_SYSTEM_Initialize                        text37                   08628
_SYS_InterruptHigh                        intcode                  00008
_SYS_InterruptLow                         intcodelo                00018
_ScanTime                                 mediumconst              02035
_SearchForLongAddress                     text62                   09D68
_SearchForShortAddress                    text61                   0AF0E
_SendBeacon                               text45                   08766
_SendMACPacket                            text46                   0AF96
_SetRFMode                                text80                   0AB96
_SetupPkt                                 (abs)                    00D20
_StaticSecurityKey                        _StaticSecurityKey_const 01FEC
_StaticSecurityKey_absconstaddr           (abs)                    01FEC
_T1CON                                    (abs)                    00FCD
_T1CONbits                                (abs)                    00FCD
_T2CONbits                                (abs)                    00FCA
_T4CONbits                                (abs)                    00F76
_TMR1H                                    (abs)                    00FCF
_TMR1L                                    (abs)                    00FCE
_TRISA                                    (abs)                    00F92
_TRISAbits                                (abs)                    00F92
_TRISB                                    (abs)                    00F93
_TRISBbits                                (abs)                    00F93
_TRISC                                    (abs)                    00F94
_TRISCbits                                (abs)                    00F94
_TX_POWER_10_DB_MW                        mediumconst              021AF
_TX_POWER_13_DB_MW                        mediumconst              021B4
_TX_POWER_1_DB_MW                         mediumconst              02189
_TX_POWER_4_DB_MW                         mediumconst              02197
_TX_POWER_7_DB_MW                         mediumconst              021C5
_TX_POWER_INVALID                         mediumconst              0219D
_TX_POWER_N_2_DB_MW                       mediumconst              021A3
_TX_POWER_N_5_DB_MW                       mediumconst              021A9
_TX_POWER_N_8_DB_MW                       mediumconst              02190
_ToSendDataBuffer                         bssBANK3                 00384
_TxBuffer                                 bssBANK2                 002A6
_TxData                                   bssBANK1                 001C6
_TxMACSeq                                 bssBANK0                 0009D
_TxPacket                                 text48                   076DA
_UADDR                                    (abs)                    00F38
_UCFG                                     (abs)                    00F39
_UCON                                     (abs)                    00F65
_UCONbits                                 (abs)                    00F65
_UEIE                                     (abs)                    00F37
_UEIR                                     (abs)                    00F63
_UEP0                                     (abs)                    00F26
_UEP0bits                                 (abs)                    00F26
_UEP1                                     (abs)                    00F27
_UIE                                      (abs)                    00F36
_UIEbits                                  (abs)                    00F36
_UIR                                      (abs)                    00F62
_UIRbits                                  (abs)                    00F62
_UPDATE_FREQUENCY_LABEL                   mediumconst              021C9
_UPTIME_LABEL                             mediumconst              021CD
_USBActiveConfiguration                   bssCOMRAM                00056
_USBAlternateInterface                    bssCOMRAM                00057
_USBBusIsSuspended                        bssCOMRAM                00047
_USBCheckHIDRequest                       text104                  093A8
_USBCheckStdRequest                       text97                   0968C
_USBConfigureEndpoint                     text110                  0AD5C
_USBCtrlEPAllowDataStage                  text96                   0AA60
_USBCtrlEPAllowStatusStage                text113                  09FBA
_USBCtrlEPService                         text93                   09BD2
_USBCtrlEPServiceComplete                 text95                   09598
_USBCtrlTrfInHandler                      text114                  0A07E
_USBCtrlTrfOutHandler                     text111                  0B4AE
_USBCtrlTrfRxService                      text112                  08E70
_USBCtrlTrfSetupHandler                   text94                   0AE80
_USBCtrlTrfTxService                      text115                  09A24
_USBDeferINDataStagePackets               bssCOMRAM                00048
_USBDeferOUTDataStagePackets              bssCOMRAM                00049
_USBDeferStatusStagePacket                bssCOMRAM                0004A
_USBDeviceAttach                          text36                   0B898
_USBDeviceInit                            text34                   07BB6
_USBDeviceState                           bssCOMRAM                0004B
_USBDeviceTasks                           text88                   08118
_USBEnableEndpoint                        text109                  0B822
_USBInHandle                              bssBANK0                 00093
_USBOutHandle                             bssBANK1                 001B7
_USBStallHandler                          text92                   0B652
_USBStatusStageEnabledFlag1               bssCOMRAM                0004C
_USBStatusStageEnabledFlag2               bssCOMRAM                0004D
_USBStatusStageTimeoutCounter             bssCOMRAM                0004E
_USBStdFeatureReqHandler                  text102                  0665C
_USBStdGetDscHandler                      text101                  07FCA
_USBStdGetStatusHandler                   text100                  0A4E8
_USBStdSetCfgHandler                      text98                   0986A
_USBSuspend                               text91                   0BA8C
_USBTransferOnePacket                     text30                   0994C
_USBWakeFromSuspend                       text90                   0B9DA
_USB_CD_Ptr                               mediumconst              020CD
_USB_SD_Ptr                               mediumconst              020C3
_USER_USB_CALLBACK_EVENT_HANDLER          text103                  0B1E8
_USTAT                                    (abs)                    00F64
_USTATcopy                                bssCOMRAM                00058
_UnicastShortAddress                      text43                   0ACC6
_UpF_updated                              bssBANK0                 0009E
_WriteFIFO                                text49                   0B722
__CFG_CFGPLLEN$ON                         (abs)                    00000
__CFG_CLKOEC$OFF                          (abs)                    00000
__CFG_CP0$OFF                             (abs)                    00000
__CFG_CPUDIV$OSC3_PLL3                    (abs)                    00000
__CFG_FCMEN$OFF                           (abs)                    00000
__CFG_IESO$OFF                            (abs)                    00000
__CFG_LS48MHZ$SYS48X8                     (abs)                    00000
__CFG_OSC$INTOSCPLL                       (abs)                    00000
__CFG_PLLDIV$2                            (abs)                    00000
__CFG_RTCOSC$INTOSCREF                    (abs)                    00000
__CFG_STVREN$OFF                          (abs)                    00000
__CFG_WDTEN$OFF                           (abs)                    00000
__CFG_XINST$OFF                           (abs)                    00000
__HRAM                                    (abs)                    00000
__H_StaticSecurityKey_const               _StaticSecurityKey_const 01FF4
__H_myMODEL_const                         _myMODEL_const           1FFF6
__H_myMUTA_version_const                  _myMUTA_version_const    1FFF4
__H_myUID_const                           _myUID_const             1FFF8
__Habs1                                   abs1                     00000
__Hbank0                                  bank0                    00000
__Hbank1                                  bank1                    00000
__Hbank10                                 bank10                   00000
__Hbank11                                 bank11                   00000
__Hbank12                                 bank12                   00000
__Hbank13                                 bank13                   00000
__Hbank14                                 bank14                   00000
__Hbank2                                  bank2                    00000
__Hbank3                                  bank3                    00000
__Hbank4                                  bank4                    00000
__Hbank5                                  bank5                    00000
__Hbank6                                  bank6                    00000
__Hbank7                                  bank7                    00000
__Hbank8                                  bank8                    00000
__Hbank9                                  bank9                    00000
__Hbigbss                                 bigbss                   00000
__Hbigdata                                bigdata                  00000
__Hbigram                                 bigram                   00000
__Hbss                                    bss                      00000
__HbssBANK0                               bssBANK0                 00000
__HbssBANK1                               bssBANK1                 00000
__HbssBANK2                               bssBANK2                 00000
__HbssBANK3                               bssBANK3                 00000
__HbssBANK4                               bssBANK4                 00000
__HbssBANK5                               bssBANK5                 00000
__HbssBIGRAMl                             bssBIGRAMl               00000
__HbssCOMRAM                              bssCOMRAM                00000
__Hcinit                                  cinit                    00000
__Hclrtext                                clrtext                  00000
__Hcomram                                 comram                   00000
__Hconfig                                 config                   20000
__Hconst                                  const                    00000
__HcstackBANK0                            cstackBANK0              00000
__HcstackBANK1                            cstackBANK1              00000
__HcstackBANK3                            cstackBANK3              00000
__HcstackCOMRAM                           cstackCOMRAM             00000
__Hdata                                   data                     00000
__HdataBANK1                              dataBANK1                00000
__HdataBANK2                              dataBANK2                00000
__HdataCOMRAM                             dataCOMRAM               00000
__Hend_init                               end_init                 001E8
__Hfarbss                                 farbss                   00000
__Hfardata                                fardata                  00000
__Hibigdata                               ibigdata                 00000
__Hidata                                  idata                    00000
__HidataBANK1                             idataBANK1               00000
__HidataBANK2                             idataBANK2               00000
__HidataCOMRAM                            idataCOMRAM              00000
__Hidloc                                  idloc                    00000
__Hifardata                               ifardata                 00000
__Hinit                                   init                     001E4
__Hintcode                                intcode                  00016
__Hintcode_body                           intcode_body             00000
__Hintcodelo                              intcodelo                001E4
__Hintentry                               intentry                 00000
__Hintret                                 intret                   00000
__Hintsave_regs                           intsave_regs             00000
__Hirdata                                 irdata                   00000
__Hjflash_buffer                          jflash_buffer            1F800
__Hmediumconst                            mediumconst              023C6
__HnvFARRAM                               nvFARRAM                 00000
__Hnvbit                                  nvbit                    00000
__Hnvrram                                 nvrram                   00000
__Hparam                                  param0                   00000
__Hparam0                                 param0                   00000
__Hpowerup                                powerup                  001E4
__Hram                                    ram                      00000
__Hramtop                                 ramtop                   00F00
__Hrbit                                   rbit                     00000
__Hrbss                                   rbss                     00000
__Hrdata                                  rdata                    00000
__Hreset_vec                              reset_vec                00004
__Hsfr                                    sfr                      00000
__Hsmallconst                             smallconst               00000
__Hspace_0                                (abs)                    20000
__Hspace_1                                (abs)                    00840
__Hspace_2                                (abs)                    00000
__Hstack                                  stack                    00000
__Hstruct                                 struct                   00000
__Htemp                                   temp                     0005F
__Htext                                   text                     00000
__Htext0                                  text0                    00000
__Htext1                                  text1                    00000
__Htext10                                 text10                   00000
__Htext100                                text100                  00000
__Htext101                                text101                  00000
__Htext102                                text102                  00000
__Htext103                                text103                  00000
__Htext104                                text104                  00000
__Htext105                                text105                  00000
__Htext106                                text106                  00000
__Htext107                                text107                  00000
__Htext108                                text108                  00000
__Htext109                                text109                  00000
__Htext11                                 text11                   00000
__Htext110                                text110                  00000
__Htext111                                text111                  00000
__Htext112                                text112                  00000
__Htext113                                text113                  00000
__Htext114                                text114                  00000
__Htext115                                text115                  00000
__Htext117                                text117                  00000
__Htext118                                text118                  00000
__Htext119                                text119                  00000
__Htext12                                 text12                   00000
__Htext120                                text120                  00000
__Htext121                                text121                  00000
__Htext122                                text122                  00000
__Htext123                                text123                  00000
__Htext124                                text124                  00000
__Htext125                                text125                  00000
__Htext126                                text126                  00000
__Htext13                                 text13                   00000
__Htext14                                 text14                   00000
__Htext15                                 text15                   00000
__Htext16                                 text16                   00000
__Htext17                                 text17                   00000
__Htext18                                 text18                   00000
__Htext19                                 text19                   00000
__Htext2                                  text2                    00000
__Htext20                                 text20                   00000
__Htext21                                 text21                   00000
__Htext22                                 text22                   00000
__Htext23                                 text23                   00000
__Htext24                                 text24                   00000
__Htext25                                 text25                   00000
__Htext26                                 text26                   00000
__Htext27                                 text27                   00000
__Htext28                                 text28                   00000
__Htext29                                 text29                   00000
__Htext3                                  text3                    00000
__Htext30                                 text30                   00000
__Htext31                                 text31                   00000
__Htext32                                 text32                   00000
__Htext33                                 text33                   00000
__Htext34                                 text34                   00000
__Htext35                                 text35                   00000
__Htext36                                 text36                   00000
__Htext37                                 text37                   00000
__Htext38                                 text38                   00000
__Htext39                                 text39                   00000
__Htext4                                  text4                    00000
__Htext40                                 text40                   00000
__Htext41                                 text41                   00000
__Htext42                                 text42                   00000
__Htext43                                 text43                   00000
__Htext44                                 text44                   00000
__Htext45                                 text45                   00000
__Htext46                                 text46                   00000
__Htext47                                 text47                   00000
__Htext48                                 text48                   00000
__Htext49                                 text49                   00000
__Htext5                                  text5                    00000
__Htext50                                 text50                   00000
__Htext51                                 text51                   00000
__Htext52                                 text52                   00000
__Htext53                                 text53                   00000
__Htext54                                 text54                   00000
__Htext55                                 text55                   00000
__Htext56                                 text56                   00000
__Htext57                                 text57                   00000
__Htext58                                 text58                   00000
__Htext59                                 text59                   00000
__Htext6                                  text6                    00000
__Htext60                                 text60                   00000
__Htext61                                 text61                   00000
__Htext62                                 text62                   00000
__Htext63                                 text63                   00000
__Htext64                                 text64                   00000
[...]
Total ram usage:        1 bytes
 Hardware stack levels used:    1
 Hardware stack levels required when called:    2
 This function calls:
		i2_RegisterSet
 This function is called by:
		i2_TxPacket
 This function uses a non-reentrant model


 *************** function i2_RegisterSet *****************
 Defined at:
		line 164 in file "src/miwi/drv_mrf_miwi_89xa.c"
 Parameters:    Size  Location     Type
  setting         2    2[BANK0 ] unsigned int 
 Auto vars:     Size  Location     Type
  RegisterSet     1    5[BANK0 ] unsigned char 
  RegisterSet     1    4[BANK0 ] unsigned char 
 Return value:  Size  Location     Type
		None               void
 Registers used:
		wreg, status,2, cstack
 Tracked objects:
		On entry : 
		On exit  : 
		Unchanged: 
 Data sizes:     COMRAM   BANK0   BANK1   BANK2   BANK3   BANK4   BANK5   BANK6   BANK7   BANK8   BANK9  BANK10  BANK11  BANK12  BANK13  BANK14
      Params:         0       2       0       0       0       0       0       0       0       0       0       0       0       0       0       0
      Locals:         0       2       0       0       0       0       0       0       0       0       0       0       0       0       0       0
      Temps:          0       0       0       0       0       0       0       0       0       0       0       0       0       0       0       0
      Totals:         0       4       0       0       0       0       0       0       0       0       0       0       0       0       0       0
Total ram usage:        4 bytes
 Hardware stack levels used:    1
 Hardware stack levels required when called:    1
 This function calls:
		i2_SPIPut
 This function is called by:
		i2_TxPacket
		i2_SetRFMode
 This function uses a non-reentrant model


 *************** function i2_RegisterRead *****************
 Defined at:
		line 200 in file "src/miwi/drv_mrf_miwi_89xa.c"
 Parameters:    Size  Location     Type
  address         1    wreg     unsigned char 
 Auto vars:     Size  Location     Type
  address         1    5[BANK0 ] unsigned char 
  RegisterRead    1    4[BANK0 ] unsigned char 
  RegisterRead    1    3[BANK0 ] unsigned char 
  RegisterRead    1    2[BANK0 ] unsigned char 
 Return value:  Size  Location     Type
                  1    wreg      unsigned char 
 Registers used:
		wreg, status,2, status,0, cstack
 Tracked objects:
		On entry : 
		On exit  : 
		Unchanged: 
 Data sizes:     COMRAM   BANK0   BANK1   BANK2   BANK3   BANK4   BANK5   BANK6   BANK7   BANK8   BANK9  BANK10  BANK11  BANK12  BANK13  BANK14
      Params:         0       0       0       0       0       0       0       0       0       0       0       0       0       0       0       0
      Locals:         0       4       0       0       0       0       0       0       0       0       0       0       0       0       0       0
      Temps:          0       0       0       0       0       0       0       0       0       0       0       0       0       0       0       0
      Totals:         0       4       0       0       0       0       0       0       0       0       0       0       0       0       0       0
Total ram usage:        4 bytes
 Hardware stack levels used:    1
 Hardware stack levels required when called:    2
 This function calls:
		i2_SPIGet
		i2_SPIPut
 This function is called by:
		_MIWIInterruptHandler
		i2_TxPacket
 This function uses a non-reentrant model


 *************** function i2_SPIGet *****************
 Defined at:
		line 104 in file "src/18F27J53/spi.c"
 Parameters:    Size  Location     Type
		None
 Auto vars:     Size  Location     Type
		None
 Return value:  Size  Location     Type
                  1    wreg      unsigned char 
 Registers used:
		wreg, status,2, cstack
 Tracked objects:
		On entry : 
		On exit  : 
		Unchanged: 
 Data sizes:     COMRAM   BANK0   BANK1   BANK2   BANK3   BANK4   BANK5   BANK6   BANK7   BANK8   BANK9  BANK10  BANK11  BANK12  BANK13  BANK14
      Params:         0       0       0       0       0       0       0       0       0       0       0       0       0       0       0       0
      Locals:         0       0       0       0       0       0       0       0       0       0       0       0       0       0       0       0
      Temps:          0       0       0       0       0       0       0       0       0       0       0       0       0       0       0       0
      Totals:         0       0       0       0       0       0       0       0       0       0       0       0       0       0       0       0
Total ram usage:        0 bytes
 Hardware stack levels used:    1
 Hardware stack levels required when called:    1
 This function calls:
		i2_SPIPut
 This function is called by:
		_MIWIInterruptHandler
		i2_RegisterRead
 This function uses a non-reentrant model


 *************** function i2_SPIPut *****************
 Defined at:
		line 45 in file "src/18F27J53/spi.c"
 Parameters:    Size  Location     Type
  v               1    wreg     unsigned char 
 Auto vars:     Size  Location     Type
  v               1    1[BANK0 ] unsigned char 
  SPIPut          1    0[BANK0 ] unsigned char 
 Return value:  Size  Location     Type
		None               void
 Registers used:
		wreg
 Tracked objects:
		On entry : 
		On exit  : 
		Unchanged: 
 Data sizes:     COMRAM   BANK0   BANK1   BANK2   BANK3   BANK4   BANK5   BANK6   BANK7   BANK8   BANK9  BANK10  BANK11  BANK12  BANK13  BANK14
      Params:         0       0       0       0       0       0       0       0       0       0       0       0       0       0       0       0
      Locals:         0       2       0       0       0       0       0       0       0       0       0       0       0       0       0       0
      Temps:          0       0       0       0       0       0       0       0       0       0       0       0       0       0       0       0
      Totals:         0       2       0       0       0       0       0       0       0       0       0       0       0       0       0       0
Total ram usage:        2 bytes
 Hardware stack levels used:    1
 This function calls:
		Nothing
 This function is called by:
		i2_SPIGet
		i2_RegisterSet
		i2_RegisterRead
		i2_WriteFIFO
 This function uses a non-reentrant model


 *************** function i2_MiWi_TickGet *****************
 Defined at:
		line 105 in file "src/18F27J53/symbol.c"
 Parameters:    Size  Location     Type
		None
 Auto vars:     Size  Location     Type
  MiWi_TickGet    4    6[BANK0 ] struct _MIWI_TICK
  MiWi_TickGet    1    5[BANK0 ] unsigned char 
 Return value:  Size  Location     Type
                  4    0[BANK0 ] struct _MIWI_TICK
 Registers used:
		wreg, status,2, status,0
 Tracked objects:
		On entry : 
		On exit  : 
		Unchanged: 
 Data sizes:     COMRAM   BANK0   BANK1   BANK2   BANK3   BANK4   BANK5   BANK6   BANK7   BANK8   BANK9  BANK10  BANK11  BANK12  BANK13  BANK14
      Params:         0       4       0       0       0       0       0       0       0       0       0       0       0       0       0       0
      Locals:         0       5       0       0       0       0       0       0       0       0       0       0       0       0       0       0
      Temps:          0       1       0       0       0       0       0       0       0       0       0       0       0       0       0       0
      Totals:         0      10       0       0       0       0       0       0       0       0       0       0       0       0       0       0
Total ram usage:       10 bytes
 Hardware stack levels used:    1
 This function calls:
		Nothing
 This function is called by:
		_MIWIInterruptHandler
		i2_TxPacket
 This function uses a non-reentrant model



MODULE INFORMATION

Module		Function		Class		Link	Load	Size
D:\Program Files (x86)\Microchip\xc8\v1.35\sources\common\lwmod.c
		___lwmod       		CODE           	B2CA	0000	99

D:\Program Files (x86)\Microchip\xc8\v1.35\sources\common\lwmod.c estimated size: 99

D:\Program Files (x86)\Microchip\xc8\v1.35\sources\common\strcpy.c
		_strcpy        		CODE           	B8D2	0000	57

D:\Program Files (x86)\Microchip\xc8\v1.35\sources\common\strcpy.c estimated size: 57

src/miwi/drv_mrf_miwi_89xa.c
		_SetRFMode     		CODE           	AB96	0000	153
		_MIWIInterruptHandler		CODE           	4E6C	0000	1361
		_MiMAC_ReceivedPacket		CODE           	5908	0000	1209
		_MiMAC_DiscardPacket		CODE           	BAB6	0000	37
		_MiMAC_ChannelAssessment		CODE           	89D6	0000	305
		_MiMAC_SetChannel		CODE           	A42E	0000	187
		_MiMAC_Init    		CODE           	83A2	0000	325
		_MiMAC_SendPacket		CODE           	6B48	0000	597
		_WriteFIFO     		CODE           	B722	0000	67
		_MiMAC_SetPower		CODE           	B85E	0000	59
		_TxPacket      		CODE           	76DA	0000	427
		_RegisterSet   		CODE           	B60C	0000	71
		_RegisterRead  		CODE           	B50A	0000	89
		_MiMAC_SetAltAddress		CODE           	BBD4	0000	3

src/miwi/drv_mrf_miwi_89xa.c estimated size: 4890

D:\Program Files (x86)\Microchip\xc8\v1.35\sources\common\altoft.c
		___altoft      		CODE           	A9C2	0000	159

D:\Program Files (x86)\Microchip\xc8\v1.35\sources\common\altoft.c estimated size: 159

D:\Program Files (x86)\Microchip\xc8\v1.35\sources\common\memset.c
		_memset        		CODE           	B976	0000	53

D:\Program Files (x86)\Microchip\xc8\v1.35\sources\common\memset.c estimated size: 53

src/18F27J53/system.c
		_SYSTEM_Initialize		CODE           	8628	0000	319

src/18F27J53/system.c estimated size: 319

D:\Program Files (x86)\Microchip\xc8\v1.35\sources\common\frexp.c
		_frexp         		CODE           	ADF0	0000	145

D:\Program Files (x86)\Microchip\xc8\v1.35\sources\common\frexp.c estimated size: 145

D:\Program Files (x86)\Microchip\xc8\v1.35\sources\common\doprnt.c
		_sprintf       		CODE           	53BC	0000	1357

D:\Program Files (x86)\Microchip\xc8\v1.35\sources\common\doprnt.c estimated size: 1357

D:\Program Files (x86)\Microchip\xc8\v1.35\sources\common\floor.c
		_floor         		CODE           	92AA	0000	255

D:\Program Files (x86)\Microchip\xc8\v1.35\sources\common\floor.c estimated size: 255

src/18F27J53/delay.c
		_DELAY_ms      		CODE           	A872	0000	171

src/18F27J53/delay.c estimated size: 171

D:\Program Files (x86)\Microchip\xc8\v1.35\sources\common\ftmul.c
		___ftmul       		CODE           	7D16	0000	351

D:\Program Files (x86)\Microchip\xc8\v1.35\sources\common\ftmul.c estimated size: 351

src/usb/usb_device_hid.c
		_USBCheckHIDRequest		CODE           	93A8	0000	253

src/usb/usb_device_hid.c estimated size: 253

src/miwi/drv_mrf_miwi_security.c
		_CTR           		CODE           	8D50	0000	289
		_CCM_Dec       		CODE           	7E74	0000	343
		_encode        		CODE           	6D9C	0000	539
		_CCM_Enc       		CODE           	88A2	0000	309
		_CBC_MAC       		CODE           	91A0	0000	267

src/miwi/drv_mrf_miwi_security.c estimated size: 1747

D:\Program Files (x86)\Microchip\xc8\v1.35\sources\common\lwdiv.c
		___lwdiv       		CODE           	B012	0000	121

D:\Program Files (x86)\Microchip\xc8\v1.35\sources\common\lwdiv.c estimated size: 121

D:\Program Files (x86)\Microchip\xc8\v1.35\sources\common\isdigit.c
		_isdigit       		CODE           	BA62	0000	43

D:\Program Files (x86)\Microchip\xc8\v1.35\sources\common\isdigit.c estimated size: 43

D:\Program Files (x86)\Microchip\xc8\v1.35\sources\common\lbmod.c
		___lbmod       		CODE           	B6DE	0000	69

D:\Program Files (x86)\Microchip\xc8\v1.35\sources\common\lbmod.c estimated size: 69

src/usb/usb_device.c
		_USBCtrlTrfInHandler		CODE           	A07E	0000	197
		_USBTransferOnePacket		CODE           	994C	0000	217
		_USBDeviceAttach		CODE           	B898	0000	59
		_USBStdGetDscHandler		CODE           	7FCA	0000	335
		_USBCtrlEPAllowDataStage		CODE           	AA60	0000	159
		_USBStdFeatureReqHandler		CODE           	665C	0000	645
		_USBCtrlEPAllowStatusStage		CODE           	9FBA	0000	197
		_USBCtrlTrfSetupHandler		CODE           	AE80	0000	143
		_USBCtrlTrfOutHandler		CODE           	B4AE	0000	93
		_USBCtrlEPServiceComplete		CODE           	9598	0000	245
		_USBSuspend    		CODE           	BA8C	0000	43
		_USBStdSetCfgHandler		CODE           	986A	0000	227
		_USBStdGetStatusHandler		CODE           	A4E8	0000	187
		_USBWakeFromSuspend		CODE           	B9DA	0000	49
		_USBCtrlTrfRxService		CODE           	8E70	0000	281
		_USBCtrlTrfTxService		CODE           	9A24	0000	217
		_USBEnableEndpoint		CODE           	B822	0000	61
		_USBConfigureEndpoint		CODE           	AD5C	0000	149
		_USBDeviceInit 		CODE           	7BB6	0000	353
		_USBCtrlEPService		CODE           	9BD2	0000	207
		_USBStallHandler		CODE           	B652	0000	71
		_USBDeviceTasks		CODE           	8118	0000	327
		_USBCheckStdRequest		CODE           	968C	0000	243

src/usb/usb_device.c estimated size: 4705

D:\Program Files (x86)\Microchip\xc8\v1.35\sources\common\memcpy.c
		_memcpy        		CODE           	B32C	0000	99

D:\Program Files (x86)\Microchip\xc8\v1.35\sources\common\memcpy.c estimated size: 99

src/main.c
		_SYS_InterruptLow		CODE           	0018	0000	461
		_SYS_InterruptHigh		CODE           	0008	0000	127
		_sendHIDText   		CODE           	9EF6	0000	197
		_send_periodic_update		CODE           	71A4	0000	475
		_sendHIDBinary 		CODE           	AAFE	0000	153
		_send_answer_to_update		CODE           	7884	0000	419
		_main          		CODE           	3D4A	0000	2761
		_USER_USB_CALLBACK_EVENT_HANDLER		CODE           	B1E8	0000	115
		_APP_DeviceCustomHIDInitialize		CODE           	B940	0000	55
		_update_LED    		CODE           	B38E	0000	97
		_RTCC_reset    		CODE           	BAFE	0000	31
		_send_network_register		CODE           	A714	0000	177
		_send_complete_update		CODE           	622A	0000	1075
		_timer_reset   		CODE           	BB54	0000	27
		_update_variable		CODE           	977E	0000	237

src/main.c estimated size: 6407

D:\Program Files (x86)\Microchip\xc8\v1.35\sources\common\fttol.c
		___fttol       		CODE           	825E	0000	325

D:\Program Files (x86)\Microchip\xc8\v1.35\sources\common\fttol.c estimated size: 325

D:\Program Files (x86)\Microchip\xc8\v1.35\sources\common\Umul16.c
		___wmul        		CODE           	B90A	0000	55

D:\Program Files (x86)\Microchip\xc8\v1.35\sources\common\Umul16.c estimated size: 55

../../muta/muta_messages.c
		_encode_ufixed16_variable		CODE           	A200	0000	187
		_mW_ufixed16_to_dBm		CODE           	9E30	0000	199
		_dBm_to_mW_ufixed16		CODE           	8B06	0000	295
		_labelcmp      		CODE           	A65C	0000	185
		_encode_uint8_variable		CODE           	A91C	0000	167
		_dBm_to_mW     		CODE           	A2BA	0000	187
		_decode_variable		CODE           	94A4	0000	245

../../muta/muta_messages.c estimated size: 1465

src/miwi/miwi_mesh.c
		_MiApp_NoiseDetection		CODE           	6FB6	0000	495
		_UnicastShortAddress		CODE           	ACC6	0000	151
		_MiApp_ProtocolInit		CODE           	7A26	0000	401
		_MiApp_UnicastAddress		CODE           	5DC0	0000	1131
		_MiApp_StartConnection		CODE           	9094	0000	269
		_SendMACPacket 		CODE           	AF96	0000	125
		_SendBeacon    		CODE           	8766	0000	317
		_SearchForLongAddress		CODE           	9D68	0000	201
		_findNextNetworkEntry		CODE           	B7A6	0000	63
		_SearchForShortAddress		CODE           	AF0E	0000	137
		_RouteMessage  		CODE           	4812	0000	1627
		_MiApp_SetChannel		CODE           	BADA	0000	37
		_MiWiTasks     		CODE           	23C6	0000	6533
		_MiApp_DiscardMessage		CODE           	BBAA	0000	11
		_BroadcastJitter		CODE           	A374	0000	187
		_MiApp_MessageAvailable		CODE           	BB98	0000	19
		_isSameAddress 		CODE           	B5BA	0000	83
		_AddNodeToNetworkTable		CODE           	8C2C	0000	293
		_MiApp_ConnectionMode		CODE           	BA0A	0000	45

src/miwi/miwi_mesh.c estimated size: 12125

D:\Program Files (x86)\Microchip\xc8\v1.35\sources\pic18\plib\rtcc\RtccWrOn.c
		_RtccWrOn      		CODE           	BB86	0000	19

D:\Program Files (x86)\Microchip\xc8\v1.35\sources\pic18\plib\rtcc\RtccWrOn.c estimated size: 19

D:\Program Files (x86)\Microchip\xc8\v1.35\sources\common\awdiv.c
		___awdiv       		CODE           	A142	0000	191

D:\Program Files (x86)\Microchip\xc8\v1.35\sources\common\awdiv.c estimated size: 191

shared
		i2_RegisterSet 		CODE           	B698	0000	71
		_configDescriptor1		MEDIUMCONST    	2131	0000	42
		_USB_CD_Ptr    		MEDIUMCONST    	20CD	0000	3
		_sd001         		MEDIUMCONST    	20CF	0000	53
		i2_RegisterRead		CODE           	B562	0000	89
		i1___ftadd     		CODE           	752E	0000	429
		_StaticSecurityKey		CODE           	1FEC	0000	9
		_sd002         		MEDIUMCONST    	2103	0000	47
		_dpowers       		MEDIUMCONST    	20B1	0000	11
		_ScanTime      		MEDIUMCONST    	2035	0000	61
		i1_USBDeviceInit		CODE           	84E6	0000	323
		i2_SetRFMode   		CODE           	AC2E	0000	153
		_CHANNEL_LABEL 		MEDIUMCONST    	21B9	0000	5
		_InitConfigRegs		MEDIUMCONST    	1FF5	0000	65
		_POWER_LABEL   		MEDIUMCONST    	21C1	0000	5
		_TX_POWER_N_2_DB_MW		MEDIUMCONST    	21A3	0000	7
		_TX_POWER_N_5_DB_MW		MEDIUMCONST    	21A9	0000	7
		_TX_POWER_N_8_DB_MW		MEDIUMCONST    	2190	0000	8
		i1___ftpack    		CODE           	A7C4	0000	175
		_PVALUE        		MEDIUMCONST    	2071	0000	33
		_myUID         		CODE           	1FFF6	0000	3
		_SVALUE        		MEDIUMCONST    	2091	0000	33
		__initialization		CODE           	9AFC	0000	205
		_device_dsc    		MEDIUMCONST    	2177	0000	19
		_TX_POWER_INVALID		MEDIUMCONST    	219D	0000	7
		_TX_POWER_10_DB_MW		MEDIUMCONST    	21AF	0000	6
		_TX_POWER_13_DB_MW		MEDIUMCONST    	21B4	0000	6
		i2_SPIGet      		CODE           	BBBE	0000	11
		_PANID_LABEL   		MEDIUMCONST    	20C9	0000	5
		_myMODEL       		CODE           	1FFF4	0000	2
		_hexpowers     		MEDIUMCONST    	20BB	0000	9
		_TX_POWER_1_DB_MW		MEDIUMCONST    	2189	0000	8
		_TX_POWER_4_DB_MW		MEDIUMCONST    	2197	0000	7
		_TX_POWER_7_DB_MW		MEDIUMCONST    	21C5	0000	5
		i2_WriteFIFO   		CODE           	B764	0000	67
		i2_SPIPut      		CODE           	BB38	0000	29
		_NOISE_LABEL   		MEDIUMCONST    	21BD	0000	5
		_UPDATE_FREQUENCY_LABEL		MEDIUMCONST    	21C9	0000	5
		i2_MiWi_TickGet		CODE           	B174	0000	117
		i1_update_LED  		CODE           	B3EE	0000	97
		i2_update_LED  		CODE           	B44E	0000	97
		_USB_SD_Ptr    		MEDIUMCONST    	20C3	0000	7
		_hid_rpt01     		MEDIUMCONST    	215A	0000	30
		i1_memset      		CODE           	BA36	0000	45
		i2_TxPacket    		CODE           	737E	0000	433
		_sd000         		MEDIUMCONST    	21D1	0000	5
		_myMUTA_version		CODE           	1FFF2	0000	2
		i1_USBTransferOnePacket		CODE           	A5A2	0000	187
		_UPTIME_LABEL  		MEDIUMCONST    	21CD	0000	5

shared estimated size: 3053

D:\Program Files (x86)\Microchip\xc8\v1.35\sources\common\ftadd.c
		___ftadd       		CODE           	68E0	0000	617

D:\Program Files (x86)\Microchip\xc8\v1.35\sources\common\ftadd.c estimated size: 617

src/18F27J53/symbol.c
		_InitSymbolTimer		CODE           	BB6E	0000	25
		_MiWi_TickGet  		CODE           	B100	0000	117

src/18F27J53/symbol.c estimated size: 142

src/18F27J53/spi.c
		_SPIGet        		CODE           	BBB4	0000	11
		_SPIPut        		CODE           	BB1C	0000	29

src/18F27J53/spi.c estimated size: 40

D:\Program Files (x86)\Microchip\xc8\v1.35\sources\common\ftge.c
		___ftge        		CODE           	9CA0	0000	201

D:\Program Files (x86)\Microchip\xc8\v1.35\sources\common\ftge.c estimated size: 201

src/app_led_usb_status.c
		_APP_LEDUpdateUSBStatus		CODE           	B7E4	0000	63

src/app_led_usb_status.c estimated size: 63

D:\Program Files (x86)\Microchip\xc8\v1.35\sources\common\Umul32.c
		___lmul        		CODE           	B08A	0000	119

D:\Program Files (x86)\Microchip\xc8\v1.35\sources\common\Umul32.c estimated size: 119

D:\Program Files (x86)\Microchip\xc8\v1.35\sources\common\ftneg.c
		___ftneg       		CODE           	B9AA	0000	49

D:\Program Files (x86)\Microchip\xc8\v1.35\sources\common\ftneg.c estimated size: 49

D:\Program Files (x86)\Microchip\xc8\v1.35\sources\common\float.c
		___ftpack      		CODE           	8F88	0000	269

D:\Program Files (x86)\Microchip\xc8\v1.35\sources\common\float.c estimated size: 269

